Archive member included because of file (symbol)

y:/devkitPro/libogc/lib/wii\libwiiuse.a(wpad.o)
                              permcheck.o (WPAD_Shutdown)
y:/devkitPro/libogc/lib/wii\libwiiuse.a(motion_plus.o)
                              y:/devkitPro/libogc/lib/wii\libwiiuse.a(wpad.o) (wiiuse_set_motion_plus)
y:/devkitPro/libogc/lib/wii\libwiiuse.a(dynamics.o)
                              y:/devkitPro/libogc/lib/wii\libwiiuse.a(wpad.o) (calculate_gforce)
y:/devkitPro/libogc/lib/wii\libwiiuse.a(io.o)
                              y:/devkitPro/libogc/lib/wii\libwiiuse.a(motion_plus.o) (wiiuse_disable_expansion)
y:/devkitPro/libogc/lib/wii\libwiiuse.a(io_wii.o)
                              y:/devkitPro/libogc/lib/wii\libwiiuse.a(wpad.o) (__wiiuse_sensorbar_enable)
y:/devkitPro/libogc/lib/wii\libwiiuse.a(ir.o)
                              y:/devkitPro/libogc/lib/wii\libwiiuse.a(motion_plus.o) (wiiuse_set_ir_mode)
y:/devkitPro/libogc/lib/wii\libwiiuse.a(nunchuk.o)
                              y:/devkitPro/libogc/lib/wii\libwiiuse.a(io.o) (nunchuk_handshake)
y:/devkitPro/libogc/lib/wii\libwiiuse.a(wiiboard.o)
                              y:/devkitPro/libogc/lib/wii\libwiiuse.a(io.o) (wii_board_handshake)
y:/devkitPro/libogc/lib/wii\libwiiuse.a(wiiuse.o)
                              y:/devkitPro/libogc/lib/wii\libwiiuse.a(io_wii.o) (wiiuse_send_next_command)
y:/devkitPro/libogc/lib/wii\libwiiuse.a(speaker.o)
                              y:/devkitPro/libogc/lib/wii\libwiiuse.a(wpad.o) (wencdata)
y:/devkitPro/libogc/lib/wii\libwiiuse.a(classic.o)
                              y:/devkitPro/libogc/lib/wii\libwiiuse.a(io.o) (classic_ctrl_handshake)
y:/devkitPro/libogc/lib/wii\libwiiuse.a(events.o)
                              y:/devkitPro/libogc/lib/wii\libwiiuse.a(io_wii.o) (parse_event)
y:/devkitPro/libogc/lib/wii\libwiiuse.a(guitar_hero_3.o)
                              y:/devkitPro/libogc/lib/wii\libwiiuse.a(io.o) (guitar_hero_3_handshake)
y:/devkitPro/libogc/lib/wii\libbte.a(bte.o)
                              y:/devkitPro/libogc/lib/wii\libwiiuse.a(wpad.o) (BTE_Init)
y:/devkitPro/libogc/lib/wii\libbte.a(hci.o)
                              y:/devkitPro/libogc/lib/wii\libbte.a(bte.o) (hci_init)
y:/devkitPro/libogc/lib/wii\libbte.a(l2cap.o)
                              y:/devkitPro/libogc/lib/wii\libbte.a(bte.o) (l2cap_init)
y:/devkitPro/libogc/lib/wii\libbte.a(btmemb.o)
                              y:/devkitPro/libogc/lib/wii\libbte.a(bte.o) (btmemb_init)
y:/devkitPro/libogc/lib/wii\libbte.a(btmemr.o)
                              y:/devkitPro/libogc/lib/wii\libbte.a(hci.o) (btmemr_init)
y:/devkitPro/libogc/lib/wii\libbte.a(btpbuf.o)
                              y:/devkitPro/libogc/lib/wii\libbte.a(hci.o) (btpbuf_init)
y:/devkitPro/libogc/lib/wii\libbte.a(physbusif.o)
                              y:/devkitPro/libogc/lib/wii\libbte.a(bte.o) (physbusif_init)
y:/devkitPro/libogc/lib/wii\libfat.a(libfat.o)
                              permcheck.o (fatInitDefault)
y:/devkitPro/libogc/lib/wii\libfat.a(partition.o)
                              y:/devkitPro/libogc/lib/wii\libfat.a(libfat.o) (_FAT_partition_constructor)
y:/devkitPro/libogc/lib/wii\libfat.a(fatdir.o)
                              y:/devkitPro/libogc/lib/wii\libfat.a(libfat.o) (_FAT_stat_r)
y:/devkitPro/libogc/lib/wii\libfat.a(cache.o)
                              y:/devkitPro/libogc/lib/wii\libfat.a(partition.o) (_FAT_cache_constructor)
y:/devkitPro/libogc/lib/wii\libfat.a(fatfile.o)
                              y:/devkitPro/libogc/lib/wii\libfat.a(libfat.o) (_FAT_open_r)
y:/devkitPro/libogc/lib/wii\libfat.a(disc.o)
                              y:/devkitPro/libogc/lib/wii\libfat.a(libfat.o) (_FAT_disc_interfaces)
y:/devkitPro/libogc/lib/wii\libfat.a(file_allocation_table.o)
                              y:/devkitPro/libogc/lib/wii\libfat.a(fatfile.o) (_FAT_fat_nextCluster)
y:/devkitPro/libogc/lib/wii\libfat.a(filetime.o)
                              y:/devkitPro/libogc/lib/wii\libfat.a(fatdir.o) (_FAT_filetime_getTimeFromRTC)
y:/devkitPro/libogc/lib/wii\libfat.a(directory.o)
                              y:/devkitPro/libogc/lib/wii\libfat.a(fatdir.o) (_FAT_directory_entryGetCluster)
y:/devkitPro/libogc/lib/wii\libogc.a(console.o)
                              permcheck.o (CON_Init)
y:/devkitPro/libogc/lib/wii\libogc.a(lwp_queue.o)
                              y:/devkitPro/libogc/lib/wii\libwiiuse.a(io_wii.o) (__lwp_queue_initialize)
y:/devkitPro/libogc/lib/wii\libogc.a(lwp_threads.o)
                              y:/devkitPro/libogc/lib/wii\libwiiuse.a(wpad.o) (_thread_dispatch_disable_level)
y:/devkitPro/libogc/lib/wii\libogc.a(lwp.o)
                              y:/devkitPro/libogc/lib/wii\libbte.a(bte.o) (LWP_InitQueue)
y:/devkitPro/libogc/lib/wii\libogc.a(lwp_handler.o)
                              y:/devkitPro/libogc/lib/wii\libogc.a(lwp_threads.o) (_cpu_context_save_fp)
y:/devkitPro/libogc/lib/wii\libogc.a(lwp_stack.o)
[...]
Memory Configuration

Name             Origin             Length             Attributes
*default*        0x00000000         0xffffffff

Linker script and memory map

                0x00003400                . = 0x3400

.stub
 *(.stub)
                0x80004000                . = 0x80004000

.init           0x80004000      0x194
 *crt0.o(*.init)
 .init          0x80004000      0x170 y:/devkitPro/libogc/lib/wii\libogc.a(ogc_crt0.o)
                0x80004000                _start
                0x80004140                _memset
 *(.init)
 .init          0x80004170        0xc y:/devkitpro/devkitppc/bin/../lib/gcc/powerpc-eabi/4.8.2/ecrti.o
                0x80004170                __init
 .init          0x8000417c        0x4 y:/devkitpro/devkitppc/bin/../lib/gcc/powerpc-eabi/4.8.2/crtbegin.o
 .init          0x80004180        0x4 y:/devkitpro/devkitppc/bin/../lib/gcc/powerpc-eabi/4.8.2/crtend.o
 .init          0x80004184       0x10 y:/devkitpro/devkitppc/bin/../lib/gcc/powerpc-eabi/4.8.2/ecrtn.o

.rela.dyn       0x80004194        0x0
 .rela.iplt     0x00000000        0x0 y:/devkitpro/devkitppc/bin/../lib/gcc/powerpc-eabi/4.8.2/crtbegin.o

.plt
 *(.plt)

.interp
 *(.interp)

.hash
 *(.hash)

.dynsym
 *(.dynsym)

.dynstr
 *(.dynstr)

.gnu.version
 *(.gnu.version)

.gnu.version_d
 *(.gnu.version_d)

.gnu.version_r
 *(.gnu.version_r)

.rel.init
 *(.rel.init)

.rela.init      0x80004194        0x0
 *(.rela.init)
 .rela.init     0x00000000        0x0 y:/devkitpro/devkitppc/bin/../lib/gcc/powerpc-eabi/4.8.2/crtbegin.o

.rel.text
 *(.rel.text .rel.text.* .rel.gnu.linkonce.t.*)

.rela.text      0x80004194        0x0
 *(.rela.text .rela.text.* .rela.gnu.linkonce.t.*)
 .rela.text     0x00000000        0x0 y:/devkitpro/devkitppc/bin/../lib/gcc/powerpc-eabi/4.8.2/crtbegin.o
 .rela.text.Con_Clear
                0x00000000        0x0 y:/devkitpro/devkitppc/bin/../lib/gcc/powerpc-eabi/4.8.2/crtbegin.o
 .rela.text.wiiuse_handshake_expansion
                0x00000000        0x0 y:/devkitpro/devkitppc/bin/../lib/gcc/powerpc-eabi/4.8.2/crtbegin.o
 .rela.text.wiiuse_handshake
                0x00000000        0x0 y:/devkitpro/devkitppc/bin/../lib/gcc/powerpc-eabi/4.8.2/crtbegin.o
 .rela.text.wiiuse_init_cmd_queue
                0x00000000        0x0 y:/devkitpro/devkitppc/bin/../lib/gcc/powerpc-eabi/4.8.2/crtbegin.o
 .rela.text.wiiuse_init
                0x00000000        0x0 y:/devkitpro/devkitppc/bin/../lib/gcc/powerpc-eabi/4.8.2/crtbegin.o
 .rela.text.bt_alarmhandler
                0x00000000        0x0 y:/devkitpro/devkitppc/bin/../lib/gcc/powerpc-eabi/4.8.2/crtbegin.o
 .rela.text.fatUnmount
                0x00000000        0x0 y:/devkitpro/devkitppc/bin/../lib/gcc/powerpc-eabi/4.8.2/crtbegin.o
 .rela.text.fatInit
                0x00000000        0x0 y:/devkitpro/devkitppc/bin/../lib/gcc/powerpc-eabi/4.8.2/crtbegin.o
 .rela.text.fatGetVolumeLabel
                0x00000000        0x0 y:/devkitpro/devkitppc/bin/../lib/gcc/powerpc-eabi/4.8.2/crtbegin.o
 .rela.text.get_io_wiisd
                0x00000000        0x0 y:/devkitpro/devkitppc/bin/../lib/gcc/powerpc-eabi/4.8.2/crtbegin.o
 .rela.text.get_io_usbstorage
                0x00000000        0x0 y:/devkitpro/devkitppc/bin/../lib/gcc/powerpc-eabi/4.8.2/crtbegin.o
 .rela.text.get_io_gcsda
                0x00000000        0x0 y:/devkitpro/devkitppc/bin/../lib/gcc/powerpc-eabi/4.8.2/crtbegin.o
 .rela.text.get_io_gcsdb
                0x00000000        0x0 y:/devkitpro/devkitppc/bin/../lib/gcc/powerpc-eabi/4.8.2/crtbegin.o
 .rela.text._FAT_directory_entryGetAlias
                0x00000000        0x0 y:/devkitpro/devkitppc/bin/../lib/gcc/powerpc-eabi/4.8.2/crtbegin.o
 .rela.text.__console_init
                0x00000000        0x0 y:/devkitpro/devkitppc/bin/../lib/gcc/powerpc-eabi/4.8.2/crtbegin.o
 .rela.text.__console_init_ex
                0x00000000        0x0 y:/devkitpro/devkitppc/bin/../lib/gcc/powerpc-eabi/4.8.2/crtbegin.o
 .rela.text.CON_EnableGecko
                0x00000000        0x0 y:/devkitpro/devkitppc/bin/../lib/gcc/powerpc-eabi/4.8.2/crtbegin.o
 .rela.text.__lwp_thread_calcheir
                0x00000000        0x0 y:/devkitpro/devkitppc/bin/../lib/gcc/powerpc-eabi/4.8.2/crtbegin.o
 .rela.text.__lwp_wd_insert_ticks.clone.2
                0x00000000        0x0 y:/devkitpro/devkitppc/bin/../lib/gcc/powerpc-eabi/4.8.2/crtbegin.o
 .rela.text.__lwp_rotate_readyqueue
                0x00000000        0x0 y:/devkitpro/devkitppc/bin/../lib/gcc/powerpc-eabi/4.8.2/crtbegin.o
 .rela.text.__lwp_thread_setpriority
                0x00000000        0x0 y:/devkitpro/devkitppc/bin/../lib/gcc/powerpc-eabi/4.8.2/crtbegin.o
 .rela.text.__lwp_thread_close
                0x00000000        0x0 y:/devkitpro/devkitppc/bin/../lib/gcc/powerpc-eabi/4.8.2/crtbegin.o
 .rela.text.__lwp_thread_closeall
                0x00000000        0x0 y:/devkitpro/devkitppc/bin/../lib/gcc/powerpc-eabi/4.8.2/crtbegin.o
 .rela.text.__lwp_thread_startmultitasking
                0x00000000        0x0 y:/devkitpro/devkitppc/bin/../lib/gcc/powerpc-eabi/4.8.2/crtbegin.o
 .rela.text.__lwp_thread_stopmultitasking
                0x00000000        0x0 y:/devkitpro/devkitppc/bin/../lib/gcc/powerpc-eabi/4.8.2/crtbegin.o
 .rela.text.__lwp_thread_coreinit
                0x00000000        0x0 y:/devkitpro/devkitppc/bin/../lib/gcc/powerpc-eabi/4.8.2/crtbegin.o
 .rela.text.__lwp_tqueue_open
                0x00000000        0x0 y:/devkitpro/devkitppc/bin/../lib/gcc/powerpc-eabi/4.8.2/crtbegin.o
 .rela.text.__lwp_cntrl_open
                0x00000000        0x0 y:/devkitpro/devkitppc/bin/../lib/gcc/powerpc-eabi/4.8.2/crtbegin.o
 .rela.text.__lwp_cntrl_free
                0x00000000        0x0 y:/devkitpro/devkitppc/bin/../lib/gcc/powerpc-eabi/4.8.2/crtbegin.o
 .rela.text.__lwp_sysinit
                0x00000000        0x0 y:/devkitpro/devkitppc/bin/../lib/gcc/powerpc-eabi/4.8.2/crtbegin.o
 .rela.text.__lwp_thread_isalive
                0x00000000        0x0 y:/devkitpro/devkitppc/bin/../lib/gcc/powerpc-eabi/4.8.2/crtbegin.o
 .rela.text.__lwp_thread_exists
                0x00000000        0x0 y:/devkitpro/devkitppc/bin/../lib/gcc/powerpc-eabi/4.8.2/crtbegin.o
 .rela.text.__lwp_thread_context
                0x00000000        0x0 y:/devkitpro/devkitppc/bin/../lib/gcc/powerpc-eabi/4.8.2/crtbegin.o
 .rela.text.LWP_CreateThread
                0x00000000        0x0 y:/devkitpro/devkitppc/bin/../lib/gcc/powerpc-eabi/4.8.2/crtbegin.o
 .rela.text.LWP_InitQueue
                0x00000000        0x0 y:/devkitpro/devkitppc/bin/../lib/gcc/powerpc-eabi/4.8.2/crtbegin.o
 .rela.text.LWP_CloseQueue
                0x00000000        0x0 y:/devkitpro/devkitppc/bin/../lib/gcc/powerpc-eabi/4.8.2/crtbegin.o
 .rela.text.__lwp_stack_allocate
                0x00000000        0x0 y:/devkitpro/devkitppc/bin/../lib/gcc/powerpc-eabi/4.8.2/crtbegin.o
 .rela.text.__lwp_stack_free
                0x00000000        0x0 y:/devkitpro/devkitppc/bin/../lib/gcc/powerpc-eabi/4.8.2/crtbegin.o
 .rela.text.__lwp_watchdog_init
                0x00000000        0x0 y:/devkitpro/devkitppc/bin/../lib/gcc/powerpc-eabi/4.8.2/crtbegin.o
 .rela.text.__lwp_wd_tickle
                0x00000000        0x0 y:/devkitpro/devkitppc/bin/../lib/gcc/powerpc-eabi/4.8.2/crtbegin.o
 .rela.text.__lwp_wkspace_heapfree
                0x00000000        0x0 y:/devkitpro/devkitppc/bin/../lib/gcc/powerpc-eabi/4.8.2/crtbegin.o
 .rela.text.__lwp_wkspace_heapused
                0x00000000        0x0 y:/devkitpro/devkitppc/bin/../lib/gcc/powerpc-eabi/4.8.2/crtbegin.o
 .rela.text.__lwp_wkspace_init
                0x00000000        0x0 y:/devkitpro/devkitppc/bin/../lib/gcc/powerpc-eabi/4.8.2/crtbegin.o
 .rela.text.__lwp_objmgr_initinfo
                0x00000000        0x0 y:/devkitpro/devkitppc/bin/../lib/gcc/powerpc-eabi/4.8.2/crtbegin.o
 .rela.text.__irq_init
                0x00000000        0x0 y:/devkitpro/devkitppc/bin/../lib/gcc/powerpc-eabi/4.8.2/crtbegin.o
 .rela.text.__lwp_mutex_open
                0x00000000        0x0 y:/devkitpro/devkitppc/bin/../lib/gcc/powerpc-eabi/4.8.2/crtbegin.o
 .rela.text.__lwp_mutex_locksupp.clone.6
                0x00000000        0x0 y:/devkitpro/devkitppc/bin/../lib/gcc/powerpc-eabi/4.8.2/crtbegin.o
 .rela.text.__lwp_mutex_init
                0x00000000        0x0 y:/devkitpro/devkitppc/bin/../lib/gcc/powerpc-eabi/4.8.2/crtbegin.o
 .rela.text.LWP_MutexInit
                0x00000000        0x0 y:/devkitpro/devkitppc/bin/../lib/gcc/powerpc-eabi/4.8.2/crtbegin.o
 .rela.text.LWP_MutexDestroy
                0x00000000        0x0 y:/devkitpro/devkitppc/bin/../lib/gcc/powerpc-eabi/4.8.2/crtbegin.o
 .rela.text.__call_resetfuncs
                0x00000000        0x0 y:/devkitpro/devkitppc/bin/../lib/gcc/powerpc-eabi/4.8.2/crtbegin.o
 .rela.text.__locksram
                0x00000000        0x0 y:/devkitpro/devkitppc/bin/../lib/gcc/powerpc-eabi/4.8.2/crtbegin.o
 .rela.text.__sys_alarmhandler
                0x00000000        0x0 y:/devkitpro/devkitppc/bin/../lib/gcc/powerpc-eabi/4.8.2/crtbegin.o
 .rela.text.__unlocksram
                0x00000000        0x0 y:/devkitpro/devkitppc/bin/../lib/gcc/powerpc-eabi/4.8.2/crtbegin.o
 .rela.text.__sram_writecallback
                0x00000000        0x0 y:/devkitpro/devkitppc/bin/../lib/gcc/powerpc-eabi/4.8.2/crtbegin.o
 .rela.text.__sram_init
                0x00000000        0x0 y:/devkitpro/devkitppc/bin/../lib/gcc/powerpc-eabi/4.8.2/crtbegin.o
 .rela.text.__SYS_SyncSram
                0x00000000        0x0 y:/devkitpro/devkitppc/bin/../lib/gcc/powerpc-eabi/4.8.2/crtbegin.o
 .rela.text.SYS_Init
                0x00000000        0x0 y:/devkitpro/devkitppc/bin/../lib/gcc/powerpc-eabi/4.8.2/crtbegin.o
 .rela.text.SYS_SetAlarm
                0x00000000        0x0 y:/devkitpro/devkitppc/bin/../lib/gcc/powerpc-eabi/4.8.2/crtbegin.o
 .rela.text.SYS_SetPeriodicAlarm
                0x00000000        0x0 y:/devkitpro/devkitppc/bin/../lib/gcc/powerpc-eabi/4.8.2/crtbegin.o
 .rela.text.SYS_RemoveAlarm
                0x00000000        0x0 y:/devkitpro/devkitppc/bin/../lib/gcc/powerpc-eabi/4.8.2/crtbegin.o
 .rela.text.SYS_CancelAlarm
                0x00000000        0x0 y:/devkitpro/devkitppc/bin/../lib/gcc/powerpc-eabi/4.8.2/crtbegin.o
 .rela.text.__lwp_cond_open
                0x00000000        0x0 y:/devkitpro/devkitppc/bin/../lib/gcc/powerpc-eabi/4.8.2/crtbegin.o
 .rela.text.__lwp_cond_init
                0x00000000        0x0 y:/devkitpro/devkitppc/bin/../lib/gcc/powerpc-eabi/4.8.2/crtbegin.o
 .rela.text.LWP_CondInit
                0x00000000        0x0 y:/devkitpro/devkitppc/bin/../lib/gcc/powerpc-eabi/4.8.2/crtbegin.o
 .rela.text.LWP_CondDestroy
                0x00000000        0x0 y:/devkitpro/devkitppc/bin/../lib/gcc/powerpc-eabi/4.8.2/crtbegin.o
 .rela.text.c_decrementer_handler
                0x00000000        0x0 y:/devkitpro/devkitppc/bin/../lib/gcc/powerpc-eabi/4.8.2/crtbegin.o
 .rela.text.__lwp_mqbox_open
                0x00000000        0x0 y:/devkitpro/devkitppc/bin/../lib/gcc/powerpc-eabi/4.8.2/crtbegin.o
 .rela.text.__lwp_mqbox_free
                0x00000000        0x0 y:/devkitpro/devkitppc/bin/../lib/gcc/powerpc-eabi/4.8.2/crtbegin.o
 .rela.text.__lwp_mqbox_init
                0x00000000        0x0 y:/devkitpro/devkitppc/bin/../lib/gcc/powerpc-eabi/4.8.2/crtbegin.o
 .rela.text.MQ_Init
                0x00000000        0x0 y:/devkitpro/devkitppc/bin/../lib/gcc/powerpc-eabi/4.8.2/crtbegin.o
 .rela.text.__lwp_wkspace_free
                0x00000000        0x0 y:/devkitpro/devkitppc/bin/../lib/gcc/powerpc-eabi/4.8.2/crtbegin.o
 .rela.text.__ios_ioctlvformat_parse
                0x00000000        0x0 y:/devkitpro/devkitppc/bin/../lib/gcc/powerpc-eabi/4.8.2/crtbegin.o
 .rela.text.IOS_IoctlvFormat
                0x00000000        0x0 y:/devkitpro/devkitppc/bin/../lib/gcc/powerpc-eabi/4.8.2/crtbegin.o
 .rela.text.IOS_IoctlvFormatAsync
                0x00000000        0x0 y:/devkitpro/devkitppc/bin/../lib/gcc/powerpc-eabi/4.8.2/crtbegin.o
 .rela.text.nanosleep
                0x00000000        0x0 y:/devkitpro/devkitppc/bin/../lib/gcc/powerpc-eabi/4.8.2/crtbegin.o
 .rela.text.__libc_delete_hook
                0x00000000        0x0 y:/devkitpro/devkitppc/bin/../lib/gcc/powerpc-eabi/4.8.2/crtbegin.o
 .rela.text.__libc_init
                0x00000000        0x0 y:/devkitpro/devkitppc/bin/../lib/gcc/powerpc-eabi/4.8.2/crtbegin.o
 .rela.text.__libc_wrapup
                0x00000000        0x0 y:/devkitpro/devkitppc/bin/../lib/gcc/powerpc-eabi/4.8.2/crtbegin.o
 .rela.text.__CheckARGV
                0x00000000        0x0 y:/devkitpro/devkitppc/bin/../lib/gcc/powerpc-eabi/4.8.2/crtbegin.o
 .rela.text.__lwp_priority_init
                0x00000000        0x0 y:/devkitpro/devkitppc/bin/../lib/gcc/powerpc-eabi/4.8.2/crtbegin.o
 .rela.text.__lwp_wd_remove_ticks
                0x00000000        0x0 y:/devkitpro/devkitppc/bin/../lib/gcc/powerpc-eabi/4.8.2/crtbegin.o
 .rela.text.__lwp_threadqueue_enqueue
                0x00000000        0x0 y:/devkitpro/devkitppc/bin/../lib/gcc/powerpc-eabi/4.8.2/crtbegin.o
 .rela.text.__lwpmq_initialize
                0x00000000        0x0 y:/devkitpro/devkitppc/bin/../lib/gcc/powerpc-eabi/4.8.2/crtbegin.o
 .rela.text.__lwpmq_close
                0x00000000        0x0 y:/devkitpro/devkitppc/bin/../lib/gcc/powerpc-eabi/4.8.2/crtbegin.o
 .rela.text.__systemcall_init
                0x00000000        0x0 y:/devkitpro/devkitppc/bin/../lib/gcc/powerpc-eabi/4.8.2/crtbegin.o
 .rela.text.__exception_init
                0x00000000        0x0 y:/devkitpro/devkitppc/bin/../lib/gcc/powerpc-eabi/4.8.2/crtbegin.o
 .rela.text.__exception_close
                0x00000000        0x0 y:/devkitpro/devkitppc/bin/../lib/gcc/powerpc-eabi/4.8.2/crtbegin.o
 .rela.text.__exception_sethandler
                0x00000000        0x0 y:/devkitpro/devkitppc/bin/../lib/gcc/powerpc-eabi/4.8.2/crtbegin.o
 .rela.text.__lwp_sema_open
                0x00000000        0x0 y:/devkitpro/devkitppc/bin/../lib/gcc/powerpc-eabi/4.8.2/crtbegin.o
 .rela.text.__lwp_sema_init
                0x00000000        0x0 y:/devkitpro/devkitppc/bin/../lib/gcc/powerpc-eabi/4.8.2/crtbegin.o
 .rela.text.LWP_SemInit
                0x00000000        0x0 y:/devkitpro/devkitppc/bin/../lib/gcc/powerpc-eabi/4.8.2/crtbegin.o
 .rela.text.LWP_SemDestroy
                0x00000000        0x0 y:/devkitpro/devkitppc/bin/../lib/gcc/powerpc-eabi/4.8.2/crtbegin.o
 .rela.text.__GX_FifoLink
                0x00000000        0x0 y:/devkitpro/devkitppc/bin/../lib/gcc/powerpc-eabi/4.8.2/crtbegin.o
 .rela.text.__GX_WriteFifoIntEnable
                0x00000000        0x0 y:/devkitpro/devkitppc/bin/../lib/gcc/powerpc-eabi/4.8.2/crtbegin.o
 .rela.text.__GX_FifoReadEnable
                0x00000000        0x0 y:/devkitpro/devkitppc/bin/../lib/gcc/powerpc-eabi/4.8.2/crtbegin.o
 .rela.text.__GX_FifoReadDisable
                0x00000000        0x0 y:/devkitpro/devkitppc/bin/../lib/gcc/powerpc-eabi/4.8.2/crtbegin.o
 .rela.text.__GX_InitRevBits
                0x00000000        0x0 y:/devkitpro/devkitppc/bin/../lib/gcc/powerpc-eabi/4.8.2/crtbegin.o
 .rela.text.__GXDefTexRegionCallback
                0x00000000        0x0 y:/devkitpro/devkitppc/bin/../lib/gcc/powerpc-eabi/4.8.2/crtbegin.o
 .rela.text.__GXDefTlutRegionCallback
                0x00000000        0x0 y:/devkitpro/devkitppc/bin/../lib/gcc/powerpc-eabi/4.8.2/crtbegin.o
 .rela.text.__GX_FlushTextureState
                0x00000000        0x0 y:/devkitpro/devkitppc/bin/../lib/gcc/powerpc-eabi/4.8.2/crtbegin.o
 .rela.text.__GX_SetMatrixIndex
                0x00000000        0x0 y:/devkitpro/devkitppc/bin/../lib/gcc/powerpc-eabi/4.8.2/crtbegin.o
 .rela.text.__SetSURegs
                0x00000000        0x0 y:/devkitpro/devkitppc/bin/../lib/gcc/powerpc-eabi/4.8.2/crtbegin.o
 .rela.text.__GX_SetDirtyState
                0x00000000        0x0 y:/devkitpro/devkitppc/bin/../lib/gcc/powerpc-eabi/4.8.2/crtbegin.o
 .rela.text.__SETVCDATTR
                0x00000000        0x0 y:/devkitpro/devkitppc/bin/../lib/gcc/powerpc-eabi/4.8.2/crtbegin.o
 .rela.text.__SETVCDFMT
                0x00000000        0x0 y:/devkitpro/devkitppc/bin/../lib/gcc/powerpc-eabi/4.8.2/crtbegin.o
 .rela.text.__GX_WriteFifoIntReset.clone.1
                0x00000000        0x0 y:/devkitpro/devkitppc/bin/../lib/gcc/powerpc-eabi/4.8.2/crtbegin.o
 .rela.text.__GXCPInterruptHandler
                0x00000000        0x0 y:/devkitpro/devkitppc/bin/../lib/gcc/powerpc-eabi/4.8.2/crtbegin.o
 .rela.text.GX_Flush
                0x00000000        0x0 y:/devkitpro/devkitppc/bin/../lib/gcc/powerpc-eabi/4.8.2/crtbegin.o
 .rela.text.GX_EnableBreakPt
                0x00000000        0x0 y:/devkitpro/devkitppc/bin/../lib/gcc/powerpc-eabi/4.8.2/crtbegin.o
 .rela.text.GX_DisableBreakPt
                0x00000000        0x0 y:/devkitpro/devkitppc/bin/../lib/gcc/powerpc-eabi/4.8.2/crtbegin.o
 .rela.text.GX_AbortFrame
                0x00000000        0x0 y:/devkitpro/devkitppc/bin/../lib/gcc/powerpc-eabi/4.8.2/crtbegin.o
 .rela.text.GX_PixModeSync
                0x00000000        0x0 y:/devkitpro/devkitppc/bin/../lib/gcc/powerpc-eabi/4.8.2/crtbegin.o
 .rela.text.GX_SetMisc
                0x00000000        0x0 y:/devkitpro/devkitppc/bin/../lib/gcc/powerpc-eabi/4.8.2/crtbegin.o
 .rela.text.GX_SetCopyClamp
                0x00000000        0x0 y:/devkitpro/devkitppc/bin/../lib/gcc/powerpc-eabi/4.8.2/crtbegin.o
 .rela.text.GX_SetDispCopyGamma
                0x00000000        0x0 y:/devkitpro/devkitppc/bin/../lib/gcc/powerpc-eabi/4.8.2/crtbegin.o
 .rela.text.GX_SetDispCopyFrame2Field
                0x00000000        0x0 y:/devkitpro/devkitppc/bin/../lib/gcc/powerpc-eabi/4.8.2/crtbegin.o
 .rela.text.GX_SetDispCopyYScale
                0x00000000        0x0 y:/devkitpro/devkitppc/bin/../lib/gcc/powerpc-eabi/4.8.2/crtbegin.o
 .rela.text.GX_SetDispCopyDst
                0x00000000        0x0 y:/devkitpro/devkitppc/bin/../lib/gcc/powerpc-eabi/4.8.2/crtbegin.o
 .rela.text.GX_SetDispCopySrc
                0x00000000        0x0 y:/devkitpro/devkitppc/bin/../lib/gcc/powerpc-eabi/4.8.2/crtbegin.o
 .rela.text.GX_CopyDisp
                0x00000000        0x0 y:/devkitpro/devkitppc/bin/../lib/gcc/powerpc-eabi/4.8.2/crtbegin.o
 .rela.text.GX_CopyTex
                0x00000000        0x0 y:/devkitpro/devkitppc/bin/../lib/gcc/powerpc-eabi/4.8.2/crtbegin.o
 .rela.text.GX_SetTexCopySrc
                0x00000000        0x0 y:/devkitpro/devkitppc/bin/../lib/gcc/powerpc-eabi/4.8.2/crtbegin.o
 .rela.text.GX_SetTexCopyDst
                0x00000000        0x0 y:/devkitpro/devkitppc/bin/../lib/gcc/powerpc-eabi/4.8.2/crtbegin.o
 .rela.text.GX_BeginDispList
                0x00000000        0x0 y:/devkitpro/devkitppc/bin/../lib/gcc/powerpc-eabi/4.8.2/crtbegin.o
 .rela.text.GX_EndDispList
                0x00000000        0x0 y:/devkitpro/devkitppc/bin/../lib/gcc/powerpc-eabi/4.8.2/crtbegin.o
 .rela.text.GX_CallDispList
                0x00000000        0x0 y:/devkitpro/devkitppc/bin/../lib/gcc/powerpc-eabi/4.8.2/crtbegin.o
 .rela.text.GX_SetChanCtrl
                0x00000000        0x0 y:/devkitpro/devkitppc/bin/../lib/gcc/powerpc-eabi/4.8.2/crtbegin.o
 .rela.text.GX_SetChanAmbColor
                0x00000000        0x0 y:/devkitpro/devkitppc/bin/../lib/gcc/powerpc-eabi/4.8.2/crtbegin.o
 .rela.text.GX_SetChanMatColor
                0x00000000        0x0 y:/devkitpro/devkitppc/bin/../lib/gcc/powerpc-eabi/4.8.2/crtbegin.o
 .rela.text.GX_SetVtxDesc
                0x00000000        0x0 y:/devkitpro/devkitppc/bin/../lib/gcc/powerpc-eabi/4.8.2/crtbegin.o
 .rela.text.GX_SetVtxDescv
                0x00000000        0x0 y:/devkitpro/devkitppc/bin/../lib/gcc/powerpc-eabi/4.8.2/crtbegin.o
 .rela.text.GX_GetVtxDescv
                0x00000000        0x0 y:/devkitpro/devkitppc/bin/../lib/gcc/powerpc-eabi/4.8.2/crtbegin.o
 .rela.text.GX_SetVtxAttrFmt
                0x00000000        0x0 y:/devkitpro/devkitppc/bin/../lib/gcc/powerpc-eabi/4.8.2/crtbegin.o
 .rela.text.GX_SetVtxAttrFmtv
                0x00000000        0x0 y:/devkitpro/devkitppc/bin/../lib/gcc/powerpc-eabi/4.8.2/crtbegin.o
 .rela.text.GX_Begin
                0x00000000        0x0 y:/devkitpro/devkitppc/bin/../lib/gcc/powerpc-eabi/4.8.2/crtbegin.o
 .rela.text.GX_SetTexCoordGen2
                0x00000000        0x0 y:/devkitpro/devkitppc/bin/../lib/gcc/powerpc-eabi/4.8.2/crtbegin.o
 .rela.text.GX_SetCurrentMtx
                0x00000000        0x0 y:/devkitpro/devkitppc/bin/../lib/gcc/powerpc-eabi/4.8.2/crtbegin.o
 .rela.text.GX_SetNumTexGens
                0x00000000        0x0 y:/devkitpro/devkitppc/bin/../lib/gcc/powerpc-eabi/4.8.2/crtbegin.o
 .rela.text.GX_SetZMode
                0x00000000        0x0 y:/devkitpro/devkitppc/bin/../lib/gcc/powerpc-eabi/4.8.2/crtbegin.o
 .rela.text.GX_LoadTexObjPreloaded
                0x00000000        0x0 y:/devkitpro/devkitppc/bin/../lib/gcc/powerpc-eabi/4.8.2/crtbegin.o
 .rela.text.GX_SetTexCoordScaleManually
                0x00000000        0x0 y:/devkitpro/devkitppc/bin/../lib/gcc/powerpc-eabi/4.8.2/crtbegin.o
 .rela.text.GX_SetTexCoordCylWrap
                0x00000000        0x0 y:/devkitpro/devkitppc/bin/../lib/gcc/powerpc-eabi/4.8.2/crtbegin.o
 .rela.text.GX_SetTexCoordBias
                0x00000000        0x0 y:/devkitpro/devkitppc/bin/../lib/gcc/powerpc-eabi/4.8.2/crtbegin.o
 .rela.text.GX_SetBlendMode
                0x00000000        0x0 y:/devkitpro/devkitppc/bin/../lib/gcc/powerpc-eabi/4.8.2/crtbegin.o
 .rela.text.GX_ClearVtxDesc
                0x00000000        0x0 y:/devkitpro/devkitppc/bin/../lib/gcc/powerpc-eabi/4.8.2/crtbegin.o
 .rela.text.GX_SetLineWidth
                0x00000000        0x0 y:/devkitpro/devkitppc/bin/../lib/gcc/powerpc-eabi/4.8.2/crtbegin.o
 .rela.text.GX_SetPointSize
                0x00000000        0x0 y:/devkitpro/devkitppc/bin/../lib/gcc/powerpc-eabi/4.8.2/crtbegin.o
 .rela.text.GX_SetTevColorIn
                0x00000000        0x0 y:/devkitpro/devkitppc/bin/../lib/gcc/powerpc-eabi/4.8.2/crtbegin.o
 .rela.text.GX_SetTevAlphaIn
                0x00000000        0x0 y:/devkitpro/devkitppc/bin/../lib/gcc/powerpc-eabi/4.8.2/crtbegin.o
 .rela.text.GX_SetTevColorOp
                0x00000000        0x0 y:/devkitpro/devkitppc/bin/../lib/gcc/powerpc-eabi/4.8.2/crtbegin.o
 .rela.text.GX_SetTevAlphaOp
                0x00000000        0x0 y:/devkitpro/devkitppc/bin/../lib/gcc/powerpc-eabi/4.8.2/crtbegin.o
 .rela.text.GX_SetCullMode
                0x00000000        0x0 y:/devkitpro/devkitppc/bin/../lib/gcc/powerpc-eabi/4.8.2/crtbegin.o
 .rela.text.GX_SetCoPlanar
                0x00000000        0x0 y:/devkitpro/devkitppc/bin/../lib/gcc/powerpc-eabi/4.8.2/crtbegin.o
 .rela.text.GX_EnableTexOffsets
                0x00000000        0x0 y:/devkitpro/devkitppc/bin/../lib/gcc/powerpc-eabi/4.8.2/crtbegin.o
 .rela.text.GX_SetScissor
                0x00000000        0x0 y:/devkitpro/devkitppc/bin/../lib/gcc/powerpc-eabi/4.8.2/crtbegin.o
 .rela.text.GX_SetNumChans
                0x00000000        0x0 y:/devkitpro/devkitppc/bin/../lib/gcc/powerpc-eabi/4.8.2/crtbegin.o
 .rela.text.GX_SetTevOrder
                0x00000000        0x0 y:/devkitpro/devkitppc/bin/../lib/gcc/powerpc-eabi/4.8.2/crtbegin.o
 .rela.text.GX_SetNumTevStages
                0x00000000        0x0 y:/devkitpro/devkitppc/bin/../lib/gcc/powerpc-eabi/4.8.2/crtbegin.o
 .rela.text.GX_SetTevKColorSel
                0x00000000        0x0 y:/devkitpro/devkitppc/bin/../lib/gcc/powerpc-eabi/4.8.2/crtbegin.o
 .rela.text.GX_SetTevKAlphaSel
                0x00000000        0x0 y:/devkitpro/devkitppc/bin/../lib/gcc/powerpc-eabi/4.8.2/crtbegin.o
 .rela.text.GX_SetTevSwapMode
                0x00000000        0x0 y:/devkitpro/devkitppc/bin/../lib/gcc/powerpc-eabi/4.8.2/crtbegin.o
 .rela.text.GX_SetTevSwapModeTable
                0x00000000        0x0 y:/devkitpro/devkitppc/bin/../lib/gcc/powerpc-eabi/4.8.2/crtbegin.o
 .rela.text.GX_SetNumIndStages
                0x00000000        0x0 y:/devkitpro/devkitppc/bin/../lib/gcc/powerpc-eabi/4.8.2/crtbegin.o
 .rela.text.GX_SetIndTexCoordScale
                0x00000000        0x0 y:/devkitpro/devkitppc/bin/../lib/gcc/powerpc-eabi/4.8.2/crtbegin.o
 .rela.text.GX_SetColorUpdate
                0x00000000        0x0 y:/devkitpro/devkitppc/bin/../lib/gcc/powerpc-eabi/4.8.2/crtbegin.o
 .rela.text.GX_SetAlphaUpdate
                0x00000000        0x0 y:/devkitpro/devkitppc/bin/../lib/gcc/powerpc-eabi/4.8.2/crtbegin.o
 .rela.text.GX_SetZCompLoc
                0x00000000        0x0 y:/devkitpro/devkitppc/bin/../lib/gcc/powerpc-eabi/4.8.2/crtbegin.o
 .rela.text.GX_SetPixelFmt
                0x00000000        0x0 y:/devkitpro/devkitppc/bin/../lib/gcc/powerpc-eabi/4.8.2/crtbegin.o
 .rela.text.GX_SetDither
                0x00000000        0x0 y:/devkitpro/devkitppc/bin/../lib/gcc/powerpc-eabi/4.8.2/crtbegin.o
 .rela.text.GX_SetDstAlpha
                0x00000000        0x0 y:/devkitpro/devkitppc/bin/../lib/gcc/powerpc-eabi/4.8.2/crtbegin.o
 .rela.text.GX_SetFieldMode
                0x00000000        0x0 y:/devkitpro/devkitppc/bin/../lib/gcc/powerpc-eabi/4.8.2/crtbegin.o
 .rela.text.GX_SetIndTexOrder
                0x00000000        0x0 y:/devkitpro/devkitppc/bin/../lib/gcc/powerpc-eabi/4.8.2/crtbegin.o
 .rela.text.GX_SetGPMetric
                0x00000000        0x0 y:/devkitpro/devkitppc/bin/../lib/gcc/powerpc-eabi/4.8.2/crtbegin.o
 .rela.text.GX_Init
                0x00000000        0x0 y:/devkitpro/devkitppc/bin/../lib/gcc/powerpc-eabi/4.8.2/crtbegin.o
 .rela.text.GX_ReadGPMetric
                0x00000000        0x0 y:/devkitpro/devkitppc/bin/../lib/gcc/powerpc-eabi/4.8.2/crtbegin.o
 .rela.text.kprintf
                0x00000000        0x0 y:/devkitpro/devkitppc/bin/../lib/gcc/powerpc-eabi/4.8.2/crtbegin.o
 .rela.text.__card_readcid
                0x00000000        0x0 y:/devkitpro/devkitppc/bin/../lib/gcc/powerpc-eabi/4.8.2/crtbegin.o
 .rela.text.__card_readcsd
                0x00000000        0x0 y:/devkitpro/devkitppc/bin/../lib/gcc/powerpc-eabi/4.8.2/crtbegin.o
 .rela.text.__card_sd_status
                0x00000000        0x0 y:/devkitpro/devkitppc/bin/../lib/gcc/powerpc-eabi/4.8.2/crtbegin.o
 .rela.text.sdgecko_initIO
                0x00000000        0x0 y:/devkitpro/devkitppc/bin/../lib/gcc/powerpc-eabi/4.8.2/crtbegin.o
 .rela.text.atangent
                0x00000000        0x0 y:/devkitpro/devkitppc/bin/../lib/gcc/powerpc-eabi/4.8.2/crtbegin.o
 .rela.text.atangentf
                0x00000000        0x0 y:/devkitpro/devkitppc/bin/../lib/gcc/powerpc-eabi/4.8.2/crtbegin.o
 .rela.text.sinef
                0x00000000        0x0 y:/devkitpro/devkitppc/bin/../lib/gcc/powerpc-eabi/4.8.2/crtbegin.o
 .rela.text.sqrtf
                0x00000000        0x0 y:/devkitpro/devkitppc/bin/../lib/gcc/powerpc-eabi/4.8.2/crtbegin.o
 .rela.text.calloc
                0x00000000        0x0 y:/devkitpro/devkitppc/bin/../lib/gcc/powerpc-eabi/4.8.2/crtbegin.o
 .rela.text.__errno
                0x00000000        0x0 y:/devkitpro/devkitppc/bin/../lib/gcc/powerpc-eabi/4.8.2/crtbegin.o
 .rela.text.exit
                0x00000000        0x0 y:/devkitpro/devkitppc/bin/../lib/gcc/powerpc-eabi/4.8.2/crtbegin.o
 .rela.text.fclose
                0x00000000        0x0 y:/devkitpro/devkitppc/bin/../lib/gcc/powerpc-eabi/4.8.2/crtbegin.o
 .rela.text.fflush
                0x00000000        0x0 y:/devkitpro/devkitppc/bin/../lib/gcc/powerpc-eabi/4.8.2/crtbegin.o
 .rela.text.std.isra.0
                0x00000000        0x0 y:/devkitpro/devkitppc/bin/../lib/gcc/powerpc-eabi/4.8.2/crtbegin.o
 .rela.text._cleanup
                0x00000000        0x0 y:/devkitpro/devkitppc/bin/../lib/gcc/powerpc-eabi/4.8.2/crtbegin.o
 .rela.text.__sfp
                0x00000000        0x0 y:/devkitpro/devkitppc/bin/../lib/gcc/powerpc-eabi/4.8.2/crtbegin.o
 .rela.text.__fp_lock_all
                0x00000000        0x0 y:/devkitpro/devkitppc/bin/../lib/gcc/powerpc-eabi/4.8.2/crtbegin.o
 .rela.text.__fp_unlock_all
                0x00000000        0x0 y:/devkitpro/devkitppc/bin/../lib/gcc/powerpc-eabi/4.8.2/crtbegin.o
 .rela.text._fopen_r
                0x00000000        0x0 y:/devkitpro/devkitppc/bin/../lib/gcc/powerpc-eabi/4.8.2/crtbegin.o
 .rela.text.fopen
                0x00000000        0x0 y:/devkitpro/devkitppc/bin/../lib/gcc/powerpc-eabi/4.8.2/crtbegin.o
 .rela.text.fprintf
                0x00000000        0x0 y:/devkitpro/devkitppc/bin/../lib/gcc/powerpc-eabi/4.8.2/crtbegin.o
 .rela.text.fputs
                0x00000000        0x0 y:/devkitpro/devkitppc/bin/../lib/gcc/powerpc-eabi/4.8.2/crtbegin.o
 .rela.text._malloc_trim_r
                0x00000000        0x0 y:/devkitpro/devkitppc/bin/../lib/gcc/powerpc-eabi/4.8.2/crtbegin.o
 .rela.text._free_r
                0x00000000        0x0 y:/devkitpro/devkitppc/bin/../lib/gcc/powerpc-eabi/4.8.2/crtbegin.o
 .rela.text.fseek
                0x00000000        0x0 y:/devkitpro/devkitppc/bin/../lib/gcc/powerpc-eabi/4.8.2/crtbegin.o
 .rela.text._fseeko_r
                0x00000000        0x0 y:/devkitpro/devkitppc/bin/../lib/gcc/powerpc-eabi/4.8.2/crtbegin.o
 .rela.text.fseeko
                0x00000000        0x0 y:/devkitpro/devkitppc/bin/../lib/gcc/powerpc-eabi/4.8.2/crtbegin.o
 .rela.text.loadlocale
                0x00000000        0x0 y:/devkitpro/devkitppc/bin/../lib/gcc/powerpc-eabi/4.8.2/crtbegin.o
 .rela.text.__smakebuf_r
                0x00000000        0x0 y:/devkitpro/devkitppc/bin/../lib/gcc/powerpc-eabi/4.8.2/crtbegin.o
 .rela.text._mbrtowc_r
                0x00000000        0x0 y:/devkitpro/devkitppc/bin/../lib/gcc/powerpc-eabi/4.8.2/crtbegin.o
 .rela.text.mbrtowc
                0x00000000        0x0 y:/devkitpro/devkitppc/bin/../lib/gcc/powerpc-eabi/4.8.2/crtbegin.o
 .rela.text.mktime
                0x00000000        0x0 y:/devkitpro/devkitppc/bin/../lib/gcc/powerpc-eabi/4.8.2/crtbegin.o
 .rela.text._mktm_r
                0x00000000        0x0 y:/devkitpro/devkitppc/bin/../lib/gcc/powerpc-eabi/4.8.2/crtbegin.o
 .rela.text._wcrtomb_r
                0x00000000        0x0 y:/devkitpro/devkitppc/bin/../lib/gcc/powerpc-eabi/4.8.2/crtbegin.o
 .rela.text.wcrtomb
                0x00000000        0x0 y:/devkitpro/devkitppc/bin/../lib/gcc/powerpc-eabi/4.8.2/crtbegin.o
 .rela.text.wctob
                0x00000000        0x0 y:/devkitpro/devkitppc/bin/../lib/gcc/powerpc-eabi/4.8.2/crtbegin.o
 .rela.text.__call_exitprocs
                0x00000000        0x0 y:/devkitpro/devkitppc/bin/../lib/gcc/powerpc-eabi/4.8.2/crtbegin.o
 .rela.text._dtoa_r
                0x00000000        0x0 y:/devkitpro/devkitppc/bin/../lib/gcc/powerpc-eabi/4.8.2/crtbegin.o
 .rela.text._findenv_r
                0x00000000        0x0 y:/devkitpro/devkitppc/bin/../lib/gcc/powerpc-eabi/4.8.2/crtbegin.o

.rel.fini
 *(.rel.fini)

.rela.fini
 *(.rela.fini)

.rel.rodata
 *(.rel.rodata .rel.rodata.* .rel.gnu.linkonce.r.*)

.rela.rodata    0x80004194        0x0
 *(.rela.rodata .rela.rodata.* .rela.gnu.linkonce.r.*)
 .rela.rodata.dotab_fat
                0x00000000        0x0 y:/devkitpro/devkitppc/bin/../lib/gcc/powerpc-eabi/4.8.2/crtbegin.o

.rel.data
 *(.rel.data .rel.data.* .rel.gnu.linkonce.d.*)

.rela.data
 *(.rela.data .rela.data.* .rela.gnu.linkonce.d.*)

.rel.tdata
 *(.rel.tdata .rel.tdata.* .rel.gnu.linkonce.td.*)

.rela.tdata
 *(.rela.tdata .rela.tdata.* .rela.gnu.linkonce.td.*)

.rel.tbss
 *(.rel.tbss .rel.tbss.* .rel.gnu.linkonce.tb.*)

.rela.tbss
 *(.rela.tbss .rela.tbss.* .rela.gnu.linkonce.tb.*)

.rel.ctors
 *(.rel.ctors)

.rela.ctors
 *(.rela.ctors)

.rel.dtors
 *(.rel.dtors)

.rela.dtors
 *(.rela.dtors)

.rel.got
 *(.rel.got)

.rela.got
 *(.rela.got)

.rela.got1
 *(.rela.got1)

.rela.got2      0x80004194        0x0
 *(.rela.got2)
 .rela.got2     0x00000000        0x0 y:/devkitpro/devkitppc/bin/../lib/gcc/powerpc-eabi/4.8.2/crtbegin.o

.rel.sdata
 *(.rel.sdata .rel.sdata.* .rel.gnu.linkonce.s.*)

.rela.sdata
 *(.rela.sdata .rela.sdata.* .rela.gnu.linkonce.s.*)

.rel.sbss
 *(.rel.sbss .rel.sbss.* .rel.gnu.linkonce.sb.*)

.rela.sbss
 *(.rela.sbss .rela.sbss.* .rel.gnu.linkonce.sb.*)

.rel.sdata2
 *(.rel.sdata2 .rel.sdata2.* .rel.gnu.linkonce.s2.*)

.rela.sdata2
 *(.rela.sdata2 .rela.sdata2.* .rela.gnu.linkonce.s2.*)

.rel.sbss2
 *(.rel.sbss2 .rel.sbss2.* .rel.gnu.linkonce.sb2.*)

.rela.sbss2
 *(.rela.sbss2 .rela.sbss2.* .rela.gnu.linkonce.sb2.*)

.rel.bss
 *(.rel.bss .rel.bss.* .rel.gnu.linkonce.b.*)

.rela.bss
 *(.rela.bss .rela.bss.* .rela.gnu.linkonce.b.*)

.rel.plt
 *(.rel.plt)

.rela.plt
 *(.rela.plt)

.text           0x800041a0    0x3cf00
 *(.text)
 .text          0x800041a0      0x1e0 y:/devkitpro/devkitppc/bin/../lib/gcc/powerpc-eabi/4.8.2/crtbegin.o
 .text          0x80004380       0x44 y:/devkitpro/devkitppc/bin/../lib/gcc/powerpc-eabi/4.8.2/../../../../powerpc-eabi/lib/crtmain.o
                0x80004384                __crtmain
 *fill*         0x800043c4       0x1c 00000000
 .text          0x800043e0      0x4ec y:/devkitPro/libogc/lib/wii\libogc.a(lwp_handler.o)
                0x800043e0                _cpu_context_save_fp
                0x80004520                _cpu_context_restore_fp
                0x80004660                _cpu_context_switch
                0x800047e0                _cpu_context_save
                0x80004860                _cpu_context_restore
 .text          0x800048cc      0x4b0 y:/devkitPro/libogc/lib/wii\libogc.a(system_asm.o)
                0x800048cc                __realmode
                0x800048e4                __configBATS
                0x80004a14                __InitFPRS
                0x80004b40                __InitPS
                0x80004b9c                __InitCache
                0x80004bf4                __InitSystem
                0x80004c8c                __flush_cache
                0x80004cc0                __reset
                0x80004d30                __InitBATS
                0x80004d4c                SYS_SwitchFiber
 .text          0x80004d7c      0x1ac y:/devkitPro/libogc/lib/wii\libogc.a(irq_handler.o)
                0x80004d7c                irq_exceptionhandler
 .text          0x80004f28      0x4f0 y:/devkitPro/libogc/lib/wii\libogc.a(cache_asm.o)
                0x80004f28                DCFlashInvalidate
                0x80004f3c                DCEnable
                0x80004f50                DCDisable
                0x80004f64                DCFreeze
                0x80004f78                DCUnfreeze
                0x80004f8c                DCTouchLoad
                0x80004f94                DCBlockZero
                0x80004f9c                DCBlockStore
                0x80004fa4                DCBlockFlush
                0x80004fac                DCBlockInvalidate
                0x80004fb4                DCInvalidateRange
                0x80004fe4                DCFlushRange
                0x80005018                DCStoreRange
                0x8000504c                DCFlushRangeNoSync
                0x8000507c                DCStoreRangeNoSync
                0x800050ac                DCZeroRange
                0x800050dc                DCTouchRange
                0x8000510c                ICInvalidateRange
                0x80005144                ICFlashInvalidate
                0x80005158                ICEnable
                0x8000516c                ICDisable
                0x80005180                ICFreeze
                0x80005194                ICUnfreeze
                0x800051a8                ICBlockInvalidate
                0x800051b0                ICSync
                0x800051b8                L2Init
                0x80005200                L2Enable
                0x8000521c                L2Disable
                0x80005234                L2GlobalInvalidate
                0x8000528c                __LCEnable
                0x80005354                LCDisable
                0x8000537c                LCAllocOneTag
                0x80005390                LCAllocTags
                0x800053d0                LCLoadBlocks
                0x800053f4                LCStoreBlocks
 .text          0x80005418      0x1ac y:/devkitPro/libogc/lib/wii\libogc.a(decrementer_handler.o)
                0x80005418                dec_exceptionhandler
 .text          0x800055c4      0x35c y:/devkitPro/libogc/lib/wii\libogc.a(exception_handler.o)
                0x800055c4                exceptionhandler_start
                0x80005640                exceptionhandler_patch
                0x80005674                exceptionhandler_end
                0x80005678                default_exceptionhandler
                0x800057a8                fpu_exceptionhandler
                0x800058f0                systemcallhandler_start
                0x8000591c                systemcallhandler_end
 .text          0x80005920       0x40 y:/devkitpro/devkitppc/bin/../lib/gcc/powerpc-eabi/4.8.2\libgcc.a(_ashldi3.o)
                0x80005920                __ashldi3
 .text          0x80005960      0x420 y:/devkitpro/devkitppc/bin/../lib/gcc/powerpc-eabi/4.8.2\libgcc.a(_divdi3.o)
                0x80005960                __divdi3
 .text          0x80005d80      0x414 y:/devkitpro/devkitppc/bin/../lib/gcc/powerpc-eabi/4.8.2\libgcc.a(_udivdi3.o)
                0x80005d80                __udivdi3
 .text          0x80006194      0x3b8 y:/devkitpro/devkitppc/bin/../lib/gcc/powerpc-eabi/4.8.2\libgcc.a(_umoddi3.o)
                0x80006194                __umoddi3
 .text          0x8000654c       0x48 y:/devkitpro/devkitppc/bin/../lib/gcc/powerpc-eabi/4.8.2\libgcc.a(eabi.o)
                0x8000654c                __eabi
 .text          0x80006594       0x4c y:/devkitpro/devkitppc/bin/../lib/gcc/powerpc-eabi/4.8.2\libgcc.a(crtsavfpr.o)
                0x80006594                _savefpr_14
                0x80006598                _savefpr_15
                0x8000659c                _savefpr_16
                0x800065a0                _savefpr_17
                0x800065a4                _savefpr_18
                0x800065a8                _savefpr_19
                0x800065ac                _savefpr_20
                0x800065b0                _savefpr_21
                0x800065b4                _savefpr_22
                0x800065b8                _savefpr_23
                0x800065bc                _savefpr_24
                0x800065c0                _savefpr_25
                0x800065c4                _savefpr_26
                0x800065c8                _savefpr_27
                0x800065cc                _savefpr_28
                0x800065d0                _savefpr_29
                0x800065d4                _savefpr_30
                0x800065d8                _savefpr_31
 .text          0x800065e0       0x4c y:/devkitpro/devkitppc/bin/../lib/gcc/powerpc-eabi/4.8.2\libgcc.a(crtsavgpr.o)
                0x800065e0                _savegpr_14
                0x800065e4                _savegpr_15
                0x800065e8                _savegpr_16
                0x800065ec                _savegpr_17
                0x800065f0                _savegpr_18
                0x800065f4                _savegpr_19
                0x800065f8                _savegpr_20
                0x800065fc                _savegpr_21
                0x80006600                _savegpr_22
                0x80006604                _savegpr_23
                0x80006608                _savegpr_24
                0x8000660c                _savegpr_25
                0x80006610                _savegpr_26
                0x80006614                _savegpr_27
                0x80006618                _savegpr_28
                0x8000661c                _savegpr_29
                0x80006620                _savegpr_30
                0x80006624                _savegpr_31
 .text          0x8000662c       0x4c y:/devkitpro/devkitppc/bin/../lib/gcc/powerpc-eabi/4.8.2\libgcc.a(crtresgpr.o)
                0x8000662c                _restgpr_14
                0x80006630                _restgpr_15
                0x80006634                _restgpr_16
                0x80006638                _restgpr_17
                0x8000663c                _restgpr_18
                0x80006640                _restgpr_19
                0x80006644                _restgpr_20
                0x80006648                _restgpr_21
                0x8000664c                _restgpr_22
                0x80006650                _restgpr_23
                0x80006654                _restgpr_24
                0x80006658                _restgpr_25
                0x8000665c                _restgpr_26
                0x80006660                _restgpr_27
                0x80006664                _restgpr_28
                0x80006668                _restgpr_29
                0x8000666c                _restgpr_30
                0x80006670                _restgpr_31
 .text          0x80006678       0x58 y:/devkitpro/devkitppc/bin/../lib/gcc/powerpc-eabi/4.8.2\libgcc.a(crtresxfpr.o)
                0x80006678                _restfpr_14_x
                0x8000667c                _restfpr_15_x
                0x80006680                _restfpr_16_x
                0x80006684                _restfpr_17_x
                0x80006688                _restfpr_18_x
                0x8000668c                _restfpr_19_x
                0x80006690                _restfpr_20_x
                0x80006694                _restfpr_21_x
                0x80006698                _restfpr_22_x
                0x8000669c                _restfpr_23_x
                0x800066a0                _restfpr_24_x
                0x800066a4                _restfpr_25_x
                0x800066a8                _restfpr_26_x
                0x800066ac                _restfpr_27_x
                0x800066b0                _restfpr_28_x
                0x800066b4                _restfpr_29_x
                0x800066b8                _restfpr_30_x
                0x800066bc                _restfpr_31_x
 .text          0x800066d0       0x58 y:/devkitpro/devkitppc/bin/../lib/gcc/powerpc-eabi/4.8.2\libgcc.a(crtresxgpr.o)
                0x800066d0                _restgpr_14_x
                0x800066d4                _restgpr_15_x
                0x800066d8                _restgpr_16_x
                0x800066dc                _restgpr_17_x
                0x800066e0                _restgpr_18_x
                0x800066e4                _restgpr_19_x
                0x800066e8                _restgpr_20_x
                0x800066ec                _restgpr_21_x
                0x800066f0                _restgpr_22_x
                0x800066f4                _restgpr_23_x
                0x800066f8                _restgpr_24_x
                0x800066fc                _restgpr_25_x
                0x80006700                _restgpr_26_x
                0x80006704                _restgpr_27_x
                0x80006708                _restgpr_28_x
                0x8000670c                _restgpr_29_x
                0x80006710                _restgpr_30_x
                0x80006714                _restgpr_31_x
 .text          0x80006728       0x28 y:/devkitpro/devkitppc/bin/../lib/gcc/powerpc-eabi/4.8.2/../../../../powerpc-eabi/lib\libsysbase.a(abort.o)
                0x80006728                abort
 .text          0x80006750      0x2f8 y:/devkitpro/devkitppc/bin/../lib/gcc/powerpc-eabi/4.8.2/../../../../powerpc-eabi/lib\libsysbase.a(iosupport.o)
                0x80006750                setDefaultDevice
                0x80006768                FindDevice
                0x8000688c                RemoveDevice
                0x800068dc                AddDevice
                0x800069f8                GetDeviceOpTab
 .text          0x80006a48       0x28 y:/devkitpro/devkitppc/bin/../lib/gcc/powerpc-eabi/4.8.2/../../../../powerpc-eabi/lib\libsysbase.a(_exit.o)
                0x80006a48                _exit
 .text          0x80006a70      0x4ec y:/devkitpro/devkitppc/bin/../lib/gcc/powerpc-eabi/4.8.2/../../../../powerpc-eabi/lib\libsysbase.a(chdir.o)
                0x80006a70                _concatenate_path
                0x80006d00                chdir
                0x80006e80                getcwd
 .text          0x80006f5c       0x88 y:/devkitpro/devkitppc/bin/../lib/gcc/powerpc-eabi/4.8.2/../../../../powerpc-eabi/lib\libsysbase.a(build_argv.o)
                0x80006f5c                build_argv
 .text          0x80006fe4       0xb0 y:/devkitpro/devkitppc/bin/../lib/gcc/powerpc-eabi/4.8.2/../../../../powerpc-eabi/lib\libsysbase.a(syscall_support.o)
                0x80006fe4                __libc_lock_init
                0x80007004                __libc_lock_close
                0x80007024                __libc_lock_release
                0x80007044                __libc_lock_acquire
                0x80007064                __malloc_lock
                0x8000707c                __malloc_unlock
 .text          0x80007094       0xa0 y:/devkitpro/devkitppc/bin/../lib/gcc/powerpc-eabi/4.8.2/../../../../powerpc-eabi/lib\libsysbase.a(close.o)
                0x80007094                _close_r
 .text          0x80007134       0xb0 y:/devkitpro/devkitppc/bin/../lib/gcc/powerpc-eabi/4.8.2/../../../../powerpc-eabi/lib\libsysbase.a(fstat.o)
                0x80007134                _fstat_r
 .text          0x800071e4        0x8 y:/devkitpro/devkitppc/bin/../lib/gcc/powerpc-eabi/4.8.2/../../../../powerpc-eabi/lib\libsysbase.a(isatty.o)
                0x800071e4                _isatty_r
 .text          0x800071ec       0xc0 y:/devkitpro/devkitppc/bin/../lib/gcc/powerpc-eabi/4.8.2/../../../../powerpc-eabi/lib\libsysbase.a(lseek.o)
                0x800071ec                _lseek_r
 .text          0x800072ac      0x14c y:/devkitpro/devkitppc/bin/../lib/gcc/powerpc-eabi/4.8.2/../../../../powerpc-eabi/lib\libsysbase.a(open.o)
                0x800072ac                _open_r
 .text          0x800073f8       0xb0 y:/devkitpro/devkitppc/bin/../lib/gcc/powerpc-eabi/4.8.2/../../../../powerpc-eabi/lib\libsysbase.a(read.o)
                0x800073f8                _read_r
 .text          0x800074a8       0x28 y:/devkitpro/devkitppc/bin/../lib/gcc/powerpc-eabi/4.8.2/../../../../powerpc-eabi/lib\libsysbase.a(sbrk.o)
                0x800074a8                _sbrk_r
 .text          0x800074d0       0xb8 y:/devkitpro/devkitppc/bin/../lib/gcc/powerpc-eabi/4.8.2/../../../../powerpc-eabi/lib\libsysbase.a(write.o)
                0x800074d0                _write_r
 .text          0x80007588       0x4c y:/devkitpro/devkitppc/bin/../lib/gcc/powerpc-eabi/4.8.2/../../../../powerpc-eabi/lib\libsysbase.a(flock.o)
                0x80007588                __flockfile
                0x800075cc                __funlockfile
 .text          0x800075d4      0x174 y:/devkitpro/devkitppc/bin/../lib/gcc/powerpc-eabi/4.8.2/../../../../powerpc-eabi/lib\libsysbase.a(handle_manager.o)
                0x800075d4                __release_handle
                0x80007630                __alloc_handle
                0x80007720                __get_handle
 .text          0x80007748       0x68 y:/devkitpro/devkitppc/bin/../lib/gcc/powerpc-eabi/4.8.2/crtend.o
 *(.text.*)
 .text.CheckNANDAccess
                0x800077b0       0x48 permcheck.o
                0x800077b0                CheckNANDAccess
 .text.Con_Clear
                0x800077f8       0x38 permcheck.o
                0x800077f8                Con_Clear
 .text.startup.main
                0x80007830      0x458 permcheck.o
                0x80007830                main
 .text.__wpad_assign_slot
                0x80007c88      0x22c y:/devkitPro/libogc/lib/wii\libwiiuse.a(wpad.o)
                0x80007c88                __wpad_assign_slot
 .text.__wpad_disconnectCB
                0x80007eb4       0xe8 y:/devkitPro/libogc/lib/wii\libwiiuse.a(wpad.o)
                0x80007eb4                __wpad_disconnectCB
 .text.__wpad_disconnect
                0x80007f9c       0x44 y:/devkitPro/libogc/lib/wii\libwiiuse.a(wpad.o)
 .text.__wpad_timeouthandler
                0x80007fe0       0x94 y:/devkitPro/libogc/lib/wii\libwiiuse.a(wpad.o)
 .text.__wpad_def_powcb
                0x80008074       0x20 y:/devkitPro/libogc/lib/wii\libwiiuse.a(wpad.o)
 .text.__wpad_setfmt
                0x80008094       0xf0 y:/devkitPro/libogc/lib/wii\libwiiuse.a(wpad.o)
 .text.__initcore_finished
                0x80008184       0x40 y:/devkitPro/libogc/lib/wii\libwiiuse.a(wpad.o)
 .text.__readlinkkey_finished
                0x800081c4       0x30 y:/devkitPro/libogc/lib/wii\libwiiuse.a(wpad.o)
 .text.__wpad_patch_finished
                0x800081f4       0x2c y:/devkitPro/libogc/lib/wii\libwiiuse.a(wpad.o)
 .text.__wpad_init_finished
                0x80008220      0x138 y:/devkitPro/libogc/lib/wii\libwiiuse.a(wpad.o)
 .text.__wpad_eventCB
                0x80008358      0xa20 y:/devkitPro/libogc/lib/wii\libwiiuse.a(wpad.o)
 .text.WPAD_ReadEvent
                0x80008d78      0x5dc y:/devkitPro/libogc/lib/wii\libwiiuse.a(wpad.o)
                0x80008d78                WPAD_ReadEvent
 .text.WPAD_ReadPending
                0x80009354      0x108 y:/devkitPro/libogc/lib/wii\libwiiuse.a(wpad.o)
                0x80009354                WPAD_ReadPending
 .text.WPAD_Shutdown
                0x8000945c       0xc4 y:/devkitPro/libogc/lib/wii\libwiiuse.a(wpad.o)
                0x8000945c                WPAD_Shutdown
 .text.WPAD_Init
                0x80009520      0x26c y:/devkitPro/libogc/lib/wii\libwiiuse.a(wpad.o)
                0x80009520                WPAD_Init
 .text.__wpad_onreset
                0x8000978c       0x2c y:/devkitPro/libogc/lib/wii\libwiiuse.a(wpad.o)
 .text.WPAD_ScanPads
                0x800097b8        0xc y:/devkitPro/libogc/lib/wii\libwiiuse.a(wpad.o)
                0x800097b8                WPAD_ScanPads
 .text.WPAD_ButtonsDown
                0x800097c4       0x28 y:/devkitPro/libogc/lib/wii\libwiiuse.a(wpad.o)
                0x800097c4                WPAD_ButtonsDown
 .text.motion_plus_disconnected
                0x800097ec       0x10 y:/devkitPro/libogc/lib/wii\libwiiuse.a(motion_plus.o)
                0x800097ec                motion_plus_disconnected
 .text.motion_plus_event
                0x800097fc       0x64 y:/devkitPro/libogc/lib/wii\libwiiuse.a(motion_plus.o)
                0x800097fc                motion_plus_event
 .text.calculate_gforce
                0x80009860      0x114 y:/devkitPro/libogc/lib/wii\libwiiuse.a(dynamics.o)
                0x80009860                calculate_gforce
 .text.calc_joystick_state
                0x80009974      0x224 y:/devkitPro/libogc/lib/wii\libwiiuse.a(dynamics.o)
                0x80009974                calc_joystick_state
 .text.apply_smoothing
                0x80009b98      0x148 y:/devkitPro/libogc/lib/wii\libwiiuse.a(dynamics.o)
                0x80009b98                apply_smoothing
 .text.calculate_orientation
                0x80009ce0      0x2a0 y:/devkitPro/libogc/lib/wii\libwiiuse.a(dynamics.o)
                0x80009ce0                calculate_orientation
 .text.calc_balanceboard_state
                0x80009f80      0x35c y:/devkitPro/libogc/lib/wii\libwiiuse.a(dynamics.o)
                0x80009f80                calc_balanceboard_state
 .text.wiiuse_handshake_expansion
                0x8000a2dc      0x248 y:/devkitPro/libogc/lib/wii\libwiiuse.a(io.o)
                0x8000a2dc                wiiuse_handshake_expansion
 .text.wiiuse_handshake
                0x8000a524      0x150 y:/devkitPro/libogc/lib/wii\libwiiuse.a(io.o)
                0x8000a524                wiiuse_handshake
 .text.wiiuse_handshake_expansion_start
                0x8000a674       0x24 y:/devkitPro/libogc/lib/wii\libwiiuse.a(io.o)
                0x8000a674                wiiuse_handshake_expansion_start
 .text.wiiuse_disable_expansion
                0x8000a698       0xc0 y:/devkitPro/libogc/lib/wii\libwiiuse.a(io.o)
                0x8000a698                wiiuse_disable_expansion
 .text.__wiiuse_disconnected
                0x8000a758       0x90 y:/devkitPro/libogc/lib/wii\libwiiuse.a(io_wii.o)
 .text.__wiiuse_sent
                0x8000a7e8       0x94 y:/devkitPro/libogc/lib/wii\libwiiuse.a(io_wii.o)
 .text.__wiiuse_connected
                0x8000a87c       0x7c y:/devkitPro/libogc/lib/wii\libwiiuse.a(io_wii.o)
 .text.__wiiuse_receive
                0x8000a8f8       0x8c y:/devkitPro/libogc/lib/wii\libwiiuse.a(io_wii.o)
 .text.__wiiuse_sensorbar_enable
                0x8000a984       0x50 y:/devkitPro/libogc/lib/wii\libwiiuse.a(io_wii.o)
                0x8000a984                __wiiuse_sensorbar_enable
 .text.wiiuse_register
                0x8000a9d4       0xa4 y:/devkitPro/libogc/lib/wii\libwiiuse.a(io_wii.o)
                0x8000a9d4                wiiuse_register
 .text.wiiuse_disconnect
                0x8000aa78       0x40 y:/devkitPro/libogc/lib/wii\libwiiuse.a(io_wii.o)
                0x8000aa78                wiiuse_disconnect
 .text.wiiuse_init_cmd_queue
                0x8000aab8       0x84 y:/devkitPro/libogc/lib/wii\libwiiuse.a(io_wii.o)
                0x8000aab8                wiiuse_init_cmd_queue
 .text.wiiuse_io_write
                0x8000ab3c       0x40 y:/devkitPro/libogc/lib/wii\libwiiuse.a(io_wii.o)
                0x8000ab3c                wiiuse_io_write
 .text.rotate_dots
                0x8000ab7c      0x10c y:/devkitPro/libogc/lib/wii\libwiiuse.a(ir.o)
 .text.wiiuse_set_ir_mode
                0x8000ac88       0x60 y:/devkitPro/libogc/lib/wii\libwiiuse.a(ir.o)
                0x8000ac88                wiiuse_set_ir_mode
 .text.wiiuse_set_ir
                0x8000ace8      0x208 y:/devkitPro/libogc/lib/wii\libwiiuse.a(ir.o)
                0x8000ace8                wiiuse_set_ir
 .text.wiiuse_set_ir_position
                0x8000aef0       0x78 y:/devkitPro/libogc/lib/wii\libwiiuse.a(ir.o)
                0x8000aef0                wiiuse_set_ir_position
 .text.wiiuse_set_aspect_ratio
                0x8000af68       0x3c y:/devkitPro/libogc/lib/wii\libwiiuse.a(ir.o)
                0x8000af68                wiiuse_set_aspect_ratio
 .text.wiiuse_set_ir_sensitivity
                0x8000afa4      0x178 y:/devkitPro/libogc/lib/wii\libwiiuse.a(ir.o)
                0x8000afa4                wiiuse_set_ir_sensitivity
 .text.calculate_basic_ir
                0x8000b11c       0xe8 y:/devkitPro/libogc/lib/wii\libwiiuse.a(ir.o)
                0x8000b11c                calculate_basic_ir
 .text.calculate_extended_ir
                0x8000b204       0x70 y:/devkitPro/libogc/lib/wii\libwiiuse.a(ir.o)
                0x8000b204                calculate_extended_ir
 .text.find_sensorbar
                0x8000b274      0x838 y:/devkitPro/libogc/lib/wii\libwiiuse.a(ir.o)
                0x8000b274                find_sensorbar
 .text.apply_ir_smoothing
                0x8000baac       0xd4 y:/devkitPro/libogc/lib/wii\libwiiuse.a(ir.o)
                0x8000baac                apply_ir_smoothing
 .text.calc_yaw
                0x8000bb80       0x54 y:/devkitPro/libogc/lib/wii\libwiiuse.a(ir.o)
                0x8000bb80                calc_yaw
 .text.interpret_ir_data
                0x8000bbd4      0x36c y:/devkitPro/libogc/lib/wii\libwiiuse.a(ir.o)
                0x8000bbd4                interpret_ir_data
 .text.nunchuk_handshake
                0x8000bf40      0x228 y:/devkitPro/libogc/lib/wii\libwiiuse.a(nunchuk.o)
                0x8000bf40                nunchuk_handshake
 .text.nunchuk_disconnected
                0x8000c168       0x28 y:/devkitPro/libogc/lib/wii\libwiiuse.a(nunchuk.o)
                0x8000c168                nunchuk_disconnected
 .text.nunchuk_event
                0x8000c190       0xe4 y:/devkitPro/libogc/lib/wii\libwiiuse.a(nunchuk.o)
                0x8000c190                nunchuk_event
 .text.wii_board_handshake
                0x8000c274      0x170 y:/devkitPro/libogc/lib/wii\libwiiuse.a(wiiboard.o)
                0x8000c274                wii_board_handshake
 .text.wii_board_disconnected
                0x8000c3e4       0x28 y:/devkitPro/libogc/lib/wii\libwiiuse.a(wiiboard.o)
                0x8000c3e4                wii_board_disconnected
 .text.wii_board_event
                0x8000c40c       0x54 y:/devkitPro/libogc/lib/wii\libwiiuse.a(wiiboard.o)
                0x8000c40c                wii_board_event
 .text.wiiuse_send_next_command
                0x8000c460       0x6c y:/devkitPro/libogc/lib/wii\libwiiuse.a(wiiuse.o)
                0x8000c460                wiiuse_send_next_command
 .text.__wiiuse_push_command
                0x8000c4cc       0x94 y:/devkitPro/libogc/lib/wii\libwiiuse.a(wiiuse.o)
 .text.wiiuse_init
                0x8000c560      0x154 y:/devkitPro/libogc/lib/wii\libwiiuse.a(wiiuse.o)
                0x8000c560                wiiuse_init
 .text.wiiuse_set_flags
                0x8000c6b4       0x24 y:/devkitPro/libogc/lib/wii\libwiiuse.a(wiiuse.o)
                0x8000c6b4                wiiuse_set_flags
 .text.wiiuse_read_data
                0x8000c6d8       0x98 y:/devkitPro/libogc/lib/wii\libwiiuse.a(wiiuse.o)
                0x8000c6d8                wiiuse_read_data
 .text.wiiuse_write_data
                0x8000c770       0xc0 y:/devkitPro/libogc/lib/wii\libwiiuse.a(wiiuse.o)
                0x8000c770                wiiuse_write_data
 .text.wiiuse_sendcmd
                0x8000c830       0x74 y:/devkitPro/libogc/lib/wii\libwiiuse.a(wiiuse.o)
                0x8000c830                wiiuse_sendcmd
 .text.wiiuse_status
                0x8000c8a4       0x4c y:/devkitPro/libogc/lib/wii\libwiiuse.a(wiiuse.o)
                0x8000c8a4                wiiuse_status
 .text.wiiuse_motion_sensing
                0x8000c8f0       0x40 y:/devkitPro/libogc/lib/wii\libwiiuse.a(wiiuse.o)
                0x8000c8f0                wiiuse_motion_sensing
 .text.wiiuse_set_report_type
                0x8000c930       0xd4 y:/devkitPro/libogc/lib/wii\libwiiuse.a(wiiuse.o)
                0x8000c930                wiiuse_set_report_type
 .text.wiiuse_set_leds
                0x8000ca04       0x50 y:/devkitPro/libogc/lib/wii\libwiiuse.a(wiiuse.o)
                0x8000ca04                wiiuse_set_leds
 .text.wiiuse_set_speaker
                0x8000ca54      0x1e4 y:/devkitPro/libogc/lib/wii\libwiiuse.a(speaker.o)
                0x8000ca54                wiiuse_set_speaker
 .text.classic_ctrl_handshake
                0x8000cc38      0x194 y:/devkitPro/libogc/lib/wii\libwiiuse.a(classic.o)
                0x8000cc38                classic_ctrl_handshake
 .text.classic_ctrl_disconnected
                0x8000cdcc       0x28 y:/devkitPro/libogc/lib/wii\libwiiuse.a(classic.o)
                0x8000cdcc                classic_ctrl_disconnected
 .text.classic_ctrl_event
                0x8000cdf4       0xa4 y:/devkitPro/libogc/lib/wii\libwiiuse.a(classic.o)
                0x8000cdf4                classic_ctrl_event
 .text.handle_expansion
                0x8000ce98       0x70 y:/devkitPro/libogc/lib/wii\libwiiuse.a(events.o)
 .text.wiiuse_pressed_buttons
                0x8000cf08       0x2c y:/devkitPro/libogc/lib/wii\libwiiuse.a(events.o)
                0x8000cf08                wiiuse_pressed_buttons
 .text.parse_event
                0x8000cf34      0x4fc y:/devkitPro/libogc/lib/wii\libwiiuse.a(events.o)
                0x8000cf34                parse_event
 .text.guitar_hero_3_handshake
                0x8000d430       0x68 y:/devkitPro/libogc/lib/wii\libwiiuse.a(guitar_hero_3.o)
                0x8000d430                guitar_hero_3_handshake
 .text.guitar_hero_3_disconnected
                0x8000d498       0x28 y:/devkitPro/libogc/lib/wii\libwiiuse.a(guitar_hero_3.o)
                0x8000d498                guitar_hero_3_disconnected
 .text.guitar_hero_3_event
                0x8000d4c0       0x68 y:/devkitPro/libogc/lib/wii\libwiiuse.a(guitar_hero_3.o)
                0x8000d4c0                guitar_hero_3_event
 .text.acl_wlp_completed
                0x8000d528        0x8 y:/devkitPro/libogc/lib/wii\libbte.a(bte.o)
                0x8000d528                acl_wlp_completed
 .text.__bte_cmdfinish
                0x8000d530       0x9c y:/devkitPro/libogc/lib/wii\libbte.a(bte.o)
 .text.bte_hci_initsub_complete
                0x8000d5cc      0x12c y:/devkitPro/libogc/lib/wii\libbte.a(bte.o)
                0x8000d5cc                bte_hci_initsub_complete
 .text.bte_hci_initcore_complete2
                0x8000d6f8       0xf0 y:/devkitPro/libogc/lib/wii\libbte.a(bte.o)
                0x8000d6f8                bte_hci_initcore_complete2
 .text.bte_hci_patch_complete
                0x8000d7e8      0x1b0 y:/devkitPro/libogc/lib/wii\libbte.a(bte.o)
                0x8000d7e8                bte_hci_patch_complete
 .text.bte_hci_apply_patch_complete
                0x8000d998       0xac y:/devkitPro/libogc/lib/wii\libbte.a(bte.o)
                0x8000d998                bte_hci_apply_patch_complete
 .text.bte_hci_initcore_complete
                0x8000da44      0x158 y:/devkitPro/libogc/lib/wii\libbte.a(bte.o)
                0x8000da44                bte_hci_initcore_complete
 .text.bte_read_stored_link_key_complete
                0x8000db9c      0x108 y:/devkitPro/libogc/lib/wii\libbte.a(bte.o)
                0x8000db9c                bte_read_stored_link_key_complete
 .text.l2cap_accepted
                0x8000dca4       0xdc y:/devkitPro/libogc/lib/wii\libbte.a(bte.o)
                0x8000dca4                l2cap_accepted
 .text.__bte_close_ctrl_queue
                0x8000dd80       0x80 y:/devkitPro/libogc/lib/wii\libbte.a(bte.o)
 .text.l2cap_disconnected_ind
                0x8000de00       0xb8 y:/devkitPro/libogc/lib/wii\libbte.a(bte.o)
                0x8000de00                l2cap_disconnected_ind
 .text.__bte_send_pending_request
                0x8000deb8       0xb8 y:/devkitPro/libogc/lib/wii\libbte.a(bte.o)
 .text.bte_process_input
                0x8000df70       0xf4 y:/devkitPro/libogc/lib/wii\libbte.a(bte.o)
 .text.__bte_send_request
                0x8000e064       0x9c y:/devkitPro/libogc/lib/wii\libbte.a(bte.o)
 .text.l2cap_disconnect_cfm
                0x8000e100       0xe0 y:/devkitPro/libogc/lib/wii\libbte.a(bte.o)
                0x8000e100                l2cap_disconnect_cfm
 .text.acl_conn_complete
                0x8000e1e0       0x2c y:/devkitPro/libogc/lib/wii\libbte.a(bte.o)
                0x8000e1e0                acl_conn_complete
 .text.__bte_shutdown_finished
                0x8000e20c       0x5c y:/devkitPro/libogc/lib/wii\libbte.a(bte.o)
 .text.bt_alarmhandler
                0x8000e268       0x60 y:/devkitPro/libogc/lib/wii\libbte.a(bte.o)
 .text.__bte_waitcmdfinish.clone.1
                0x8000e2c8       0x78 y:/devkitPro/libogc/lib/wii\libbte.a(bte.o)
 .text.BTE_Init
                0x8000e340      0x110 y:/devkitPro/libogc/lib/wii\libbte.a(bte.o)
                0x8000e340                BTE_Init
 .text.BTE_Shutdown
                0x8000e450       0x94 y:/devkitPro/libogc/lib/wii\libbte.a(bte.o)
                0x8000e450                BTE_Shutdown
 .text.BTE_InitCore
                0x8000e4e4       0x7c y:/devkitPro/libogc/lib/wii\libbte.a(bte.o)
                0x8000e4e4                BTE_InitCore
 .text.BTE_ApplyPatch
                0x8000e560       0x98 y:/devkitPro/libogc/lib/wii\libbte.a(bte.o)
                0x8000e560                BTE_ApplyPatch
 .text.BTE_InitSub
                0x8000e5f8       0x80 y:/devkitPro/libogc/lib/wii\libbte.a(bte.o)
                0x8000e5f8                BTE_InitSub
 .text.BTE_ReadStoredLinkKey
                0x8000e678       0x80 y:/devkitPro/libogc/lib/wii\libbte.a(bte.o)
                0x8000e678                BTE_ReadStoredLinkKey
 .text.BTE_SetDisconnectCallback
                0x8000e6f8       0x20 y:/devkitPro/libogc/lib/wii\libbte.a(bte.o)
                0x8000e6f8                BTE_SetDisconnectCallback
 .text.bte_new  0x8000e718       0x4c y:/devkitPro/libogc/lib/wii\libbte.a(bte.o)
                0x8000e718                bte_new
 .text.bte_registerdeviceasync
                0x8000e764      0x124 y:/devkitPro/libogc/lib/wii\libbte.a(bte.o)
                0x8000e764                bte_registerdeviceasync
 .text.bte_disconnect
                0x8000e888       0x9c y:/devkitPro/libogc/lib/wii\libbte.a(bte.o)
                0x8000e888                bte_disconnect
 .text.bte_sendmessageasync
                0x8000e924       0xdc y:/devkitPro/libogc/lib/wii\libbte.a(bte.o)
                0x8000e924                bte_sendmessageasync
 .text.bte_arg  0x8000ea00       0x3c y:/devkitPro/libogc/lib/wii\libbte.a(bte.o)
                0x8000ea00                bte_arg
 .text.bte_received
                0x8000ea3c       0x3c y:/devkitPro/libogc/lib/wii\libbte.a(bte.o)
                0x8000ea3c                bte_received
 .text.bte_disconnected
                0x8000ea78       0x3c y:/devkitPro/libogc/lib/wii\libbte.a(bte.o)
                0x8000ea78                bte_disconnected
 .text.hci_init
                0x8000eab4       0x78 y:/devkitPro/libogc/lib/wii\libbte.a(hci.o)
                0x8000eab4                hci_init
 .text.hci_new  0x8000eb2c       0x3c y:/devkitPro/libogc/lib/wii\libbte.a(hci.o)
                0x8000eb2c                hci_new
 .text.hci_get_link
                0x8000eb68       0x7c y:/devkitPro/libogc/lib/wii\libbte.a(hci.o)
                0x8000eb68                hci_get_link
 .text.hci_close
                0x8000ebe4       0xcc y:/devkitPro/libogc/lib/wii\libbte.a(hci.o)
                0x8000ebe4                hci_close
 .text.hci_reset_all
                0x8000ecb0       0x9c y:/devkitPro/libogc/lib/wii\libbte.a(hci.o)
                0x8000ecb0                hci_reset_all
 .text.hci_arg  0x8000ed4c        0xc y:/devkitPro/libogc/lib/wii\libbte.a(hci.o)
                0x8000ed4c                hci_arg
 .text.hci_cmd_complete
                0x8000ed58        0xc y:/devkitPro/libogc/lib/wii\libbte.a(hci.o)
                0x8000ed58                hci_cmd_complete
 .text.hci_connection_complete
                0x8000ed64        0xc y:/devkitPro/libogc/lib/wii\libbte.a(hci.o)
                0x8000ed64                hci_connection_complete
 .text.hci_wlp_complete
                0x8000ed70        0xc y:/devkitPro/libogc/lib/wii\libbte.a(hci.o)
                0x8000ed70                hci_wlp_complete
 .text.hci_cmd_ass
                0x8000ed7c       0x48 y:/devkitPro/libogc/lib/wii\libbte.a(hci.o)
                0x8000ed7c                hci_cmd_ass
 .text.hci_reset
                0x8000edc4       0x64 y:/devkitPro/libogc/lib/wii\libbte.a(hci.o)
                0x8000edc4                hci_reset
 .text.hci_read_buffer_size
                0x8000ee28       0x64 y:/devkitPro/libogc/lib/wii\libbte.a(hci.o)
                0x8000ee28                hci_read_buffer_size
 .text.hci_read_bd_addr
                0x8000ee8c       0x64 y:/devkitPro/libogc/lib/wii\libbte.a(hci.o)
                0x8000ee8c                hci_read_bd_addr
 .text.hci_read_local_version
                0x8000eef0       0x64 y:/devkitPro/libogc/lib/wii\libbte.a(hci.o)
                0x8000eef0                hci_read_local_version
 .text.hci_read_local_features
                0x8000ef54       0x64 y:/devkitPro/libogc/lib/wii\libbte.a(hci.o)
                0x8000ef54                hci_read_local_features
 .text.hci_read_stored_link_key
                0x8000efb8       0xac y:/devkitPro/libogc/lib/wii\libbte.a(hci.o)
                0x8000efb8                hci_read_stored_link_key
 .text.hci_write_page_timeout
                0x8000f064       0x7c y:/devkitPro/libogc/lib/wii\libbte.a(hci.o)
                0x8000f064                hci_write_page_timeout
 .text.hci_write_scan_enable
                0x8000f0e0       0x6c y:/devkitPro/libogc/lib/wii\libbte.a(hci.o)
                0x8000f0e0                hci_write_scan_enable
 .text.hci_accecpt_conn_request
                0x8000f14c       0x80 y:/devkitPro/libogc/lib/wii\libbte.a(hci.o)
                0x8000f14c                hci_accecpt_conn_request
 .text.hci_write_local_name
                0x8000f1cc       0x80 y:/devkitPro/libogc/lib/wii\libbte.a(hci.o)
                0x8000f1cc                hci_write_local_name
 .text.hci_write_pin_type
                0x8000f24c       0x6c y:/devkitPro/libogc/lib/wii\libbte.a(hci.o)
                0x8000f24c                hci_write_pin_type
 .text.hci_write_inquiry_mode
                0x8000f2b8       0x6c y:/devkitPro/libogc/lib/wii\libbte.a(hci.o)
                0x8000f2b8                hci_write_inquiry_mode
 .text.hci_write_page_scan_type
                0x8000f324       0x6c y:/devkitPro/libogc/lib/wii\libbte.a(hci.o)
                0x8000f324                hci_write_page_scan_type
 .text.hci_write_inquiry_scan_type
                0x8000f390       0x6c y:/devkitPro/libogc/lib/wii\libbte.a(hci.o)
                0x8000f390                hci_write_inquiry_scan_type
 .text.hci_vendor_specific_command
                0x8000f3fc       0x8c y:/devkitPro/libogc/lib/wii\libbte.a(hci.o)
                0x8000f3fc                hci_vendor_specific_command
 .text.hci_write_link_policy_settings
                0x8000f488       0xa0 y:/devkitPro/libogc/lib/wii\libbte.a(hci.o)
                0x8000f488                hci_write_link_policy_settings
 .text.hci_pin_code_request_neg_reply
                0x8000f528       0x74 y:/devkitPro/libogc/lib/wii\libbte.a(hci.o)
                0x8000f528                hci_pin_code_request_neg_reply
 .text.hci_disconnect
                0x8000f59c       0x98 y:/devkitPro/libogc/lib/wii\libbte.a(hci.o)
                0x8000f59c                hci_disconnect
 .text.hci_write_cod
                0x8000f634       0x78 y:/devkitPro/libogc/lib/wii\libbte.a(hci.o)
                0x8000f634                hci_write_cod
 .text.hci_host_buffer_size
                0x8000f6ac       0xb4 y:/devkitPro/libogc/lib/wii\libbte.a(hci.o)
                0x8000f6ac                hci_host_buffer_size
 .text.hci_host_num_comp_packets
                0x8000f760       0xac y:/devkitPro/libogc/lib/wii\libbte.a(hci.o)
                0x8000f760                hci_host_num_comp_packets
 .text.lp_pdu_maxsize
                0x8000f80c        0xc y:/devkitPro/libogc/lib/wii\libbte.a(hci.o)
                0x8000f80c                lp_pdu_maxsize
 .text.lp_acl_write
                0x8000f818      0x118 y:/devkitPro/libogc/lib/wii\libbte.a(hci.o)
                0x8000f818                lp_acl_write
 .text.lp_write_flush_timeout
                0x8000f930       0xa0 y:/devkitPro/libogc/lib/wii\libbte.a(hci.o)
                0x8000f930                lp_write_flush_timeout
 .text.hci_event_handler
                0x8000f9d0      0xa6c y:/devkitPro/libogc/lib/wii\libbte.a(hci.o)
                0x8000f9d0                hci_event_handler
 .text.hci_acldata_handler
                0x8001043c       0xdc y:/devkitPro/libogc/lib/wii\libbte.a(hci.o)
                0x8001043c                hci_acldata_handler
 .text.l2cap_cid_alloc
                0x80010518       0x4c y:/devkitPro/libogc/lib/wii\libbte.a(l2cap.o)
 .text.l2cap_init
                0x80010564       0x60 y:/devkitPro/libogc/lib/wii\libbte.a(l2cap.o)
                0x80010564                l2cap_init
 .text.l2cap_write
                0x800105c4       0xe8 y:/devkitPro/libogc/lib/wii\libbte.a(l2cap.o)
                0x800105c4                l2cap_write
 .text.l2cap_new
                0x800106ac       0x6c y:/devkitPro/libogc/lib/wii\libbte.a(l2cap.o)
                0x800106ac                l2cap_new
 .text.l2cap_close
                0x80010718      0x17c y:/devkitPro/libogc/lib/wii\libbte.a(l2cap.o)
                0x80010718                l2cap_close
 .text.l2cap_reset_all
                0x80010894      0x104 y:/devkitPro/libogc/lib/wii\libbte.a(l2cap.o)
                0x80010894                l2cap_reset_all
 .text.l2cap_rexmit_signal
                0x80010998       0x10 y:/devkitPro/libogc/lib/wii\libbte.a(l2cap.o)
                0x80010998                l2cap_rexmit_signal
 .text.l2ca_datawrite
                0x800109a8       0xe8 y:/devkitPro/libogc/lib/wii\libbte.a(l2cap.o)
                0x800109a8                l2ca_datawrite
 .text.lp_connect_ind
                0x80010a90        0x4 y:/devkitPro/libogc/lib/wii\libbte.a(l2cap.o)
                0x80010a90                lp_connect_ind
 .text.lp_disconnect_ind
                0x80010a94       0xe4 y:/devkitPro/libogc/lib/wii\libbte.a(l2cap.o)
                0x80010a94                lp_disconnect_ind
 .text.l2cap_disconnect_bb
                0x80010b78       0x10 y:/devkitPro/libogc/lib/wii\libbte.a(l2cap.o)
                0x80010b78                l2cap_disconnect_bb
 .text.l2cap_next_sigid
                0x80010b88       0x28 y:/devkitPro/libogc/lib/wii\libbte.a(l2cap.o)
                0x80010b88                l2cap_next_sigid
 .text.l2cap_signal
                0x80010bb0      0x188 y:/devkitPro/libogc/lib/wii\libbte.a(l2cap.o)
                0x80010bb0                l2cap_signal
 .text.lp_connect_cfm
                0x80010d38      0x130 y:/devkitPro/libogc/lib/wii\libbte.a(l2cap.o)
                0x80010d38                lp_connect_cfm
 .text.l2ca_disconnect_req
                0x80010e68       0xac y:/devkitPro/libogc/lib/wii\libbte.a(l2cap.o)
                0x80010e68                l2ca_disconnect_req
 .text.l2cap_tmr
                0x80010f14      0x1e8 y:/devkitPro/libogc/lib/wii\libbte.a(l2cap.o)
                0x80010f14                l2cap_tmr
 .text.l2ca_config_req
                0x800110fc      0x108 y:/devkitPro/libogc/lib/wii\libbte.a(l2cap.o)
                0x800110fc                l2ca_config_req
 .text.l2cap_process_sig
                0x80011204     0x108c y:/devkitPro/libogc/lib/wii\libbte.a(l2cap.o)
                0x80011204                l2cap_process_sig
 .text.l2cap_input
                0x80012290      0x518 y:/devkitPro/libogc/lib/wii\libbte.a(l2cap.o)
                0x80012290                l2cap_input
 .text.l2cap_arg
                0x800127a8        0x8 y:/devkitPro/libogc/lib/wii\libbte.a(l2cap.o)
                0x800127a8                l2cap_arg
 .text.l2cap_connect_ind
                0x800127b0       0xd8 y:/devkitPro/libogc/lib/wii\libbte.a(l2cap.o)
                0x800127b0                l2cap_connect_ind
 .text.l2cap_disconnect_ind
                0x80012888        0x8 y:/devkitPro/libogc/lib/wii\libbte.a(l2cap.o)
                0x80012888                l2cap_disconnect_ind
 .text.l2cap_recv
                0x80012890        0x8 y:/devkitPro/libogc/lib/wii\libbte.a(l2cap.o)
                0x80012890                l2cap_recv
 .text.btmemb_init
                0x80012898       0x40 y:/devkitPro/libogc/lib/wii\libbte.a(btmemb.o)
                0x80012898                btmemb_init
 .text.btmemb_alloc
                0x800128d8       0x9c y:/devkitPro/libogc/lib/wii\libbte.a(btmemb.o)
                0x800128d8                btmemb_alloc
 .text.btmemb_free
                0x80012974       0xa4 y:/devkitPro/libogc/lib/wii\libbte.a(btmemb.o)
                0x80012974                btmemb_free
 .text.plug_holes
                0x80012a18       0xb0 y:/devkitPro/libogc/lib/wii\libbte.a(btmemr.o)
 .text.btmemr_init
                0x80012ac8       0x8c y:/devkitPro/libogc/lib/wii\libbte.a(btmemr.o)
                0x80012ac8                btmemr_init
 .text.btmemr_malloc
                0x80012b54      0x160 y:/devkitPro/libogc/lib/wii\libbte.a(btmemr.o)
                0x80012b54                btmemr_malloc
 .text.btmemr_free
                0x80012cb4       0x94 y:/devkitPro/libogc/lib/wii\libbte.a(btmemr.o)
                0x80012cb4                btmemr_free
 .text.btmemr_realloc
                0x80012d48       0xf0 y:/devkitPro/libogc/lib/wii\libbte.a(btmemr.o)
                0x80012d48                btmemr_realloc
 .text.btpbuf_init
                0x80012e38       0x2c y:/devkitPro/libogc/lib/wii\libbte.a(btpbuf.o)
                0x80012e38                btpbuf_init
 .text.btpbuf_free
                0x80012e64       0xc4 y:/devkitPro/libogc/lib/wii\libbte.a(btpbuf.o)
                0x80012e64                btpbuf_free
 .text.btpbuf_alloc
                0x80012f28      0x1d0 y:/devkitPro/libogc/lib/wii\libbte.a(btpbuf.o)
                0x80012f28                btpbuf_alloc
 .text.btpbuf_realloc
                0x800130f8       0xa4 y:/devkitPro/libogc/lib/wii\libbte.a(btpbuf.o)
                0x800130f8                btpbuf_realloc
 .text.btpbuf_header
                0x8001319c       0x98 y:/devkitPro/libogc/lib/wii\libbte.a(btpbuf.o)
                0x8001319c                btpbuf_header
 .text.btpbuf_ref
                0x80013234       0x4c y:/devkitPro/libogc/lib/wii\libbte.a(btpbuf.o)
                0x80013234                btpbuf_ref
 .text.btpbuf_cat
                0x80013280       0x48 y:/devkitPro/libogc/lib/wii\libbte.a(btpbuf.o)
                0x80013280                btpbuf_cat
 .text.btpbuf_chain
                0x800132c8       0x34 y:/devkitPro/libogc/lib/wii\libbte.a(btpbuf.o)
                0x800132c8                btpbuf_chain
 .text.btpbuf_dechain
                0x800132fc       0x60 y:/devkitPro/libogc/lib/wii\libbte.a(btpbuf.o)
                0x800132fc                btpbuf_dechain
 .text.btpbuf_take
                0x8001335c       0xe8 y:/devkitPro/libogc/lib/wii\libbte.a(btpbuf.o)
                0x8001335c                btpbuf_take
 .text.__usb_closeCB
                0x80013444       0x10 y:/devkitPro/libogc/lib/wii\libbte.a(physbusif.o)
 .text.__writebulkmsgCB
                0x80013454       0x34 y:/devkitPro/libogc/lib/wii\libbte.a(physbusif.o)
 .text.__writectrlmsgCB
                0x80013488       0x34 y:/devkitPro/libogc/lib/wii\libbte.a(physbusif.o)
 .text.__initUsbIOBuffer
                0x800134bc       0x78 y:/devkitPro/libogc/lib/wii\libbte.a(physbusif.o)
 .text.__issue_intrread
                0x80013534       0x88 y:/devkitPro/libogc/lib/wii\libbte.a(physbusif.o)
 .text.__readintrdataCB
                0x800135bc       0xdc y:/devkitPro/libogc/lib/wii\libbte.a(physbusif.o)
 .text.__issue_bulkread
                0x80013698       0x88 y:/devkitPro/libogc/lib/wii\libbte.a(physbusif.o)
 .text.__readbulkdataCB
                0x80013720       0xdc y:/devkitPro/libogc/lib/wii\libbte.a(physbusif.o)
 .text.physbusif_init
                0x800137fc      0x14c y:/devkitPro/libogc/lib/wii\libbte.a(physbusif.o)
                0x800137fc                physbusif_init
 .text.physbusif_close
                0x80013948       0x28 y:/devkitPro/libogc/lib/wii\libbte.a(physbusif.o)
                0x80013948                physbusif_close
 .text.physbusif_shutdown
                0x80013970       0x40 y:/devkitPro/libogc/lib/wii\libbte.a(physbusif.o)
                0x80013970                physbusif_shutdown
 .text.physbusif_reset_all
                0x800139b0        0x4 y:/devkitPro/libogc/lib/wii\libbte.a(physbusif.o)
                0x800139b0                physbusif_reset_all
 .text.physbusif_output
                0x800139b4      0x140 y:/devkitPro/libogc/lib/wii\libbte.a(physbusif.o)
                0x800139b4                physbusif_output
 .text.fatMount
                0x80013af4      0x114 y:/devkitPro/libogc/lib/wii\libfat.a(libfat.o)
                0x80013af4                fatMount
 .text.fatInit  0x80013c08      0x1a8 y:/devkitPro/libogc/lib/wii\libfat.a(libfat.o)
                0x80013c08                fatInit
 .text.fatInitDefault
                0x80013db0        0xc y:/devkitPro/libogc/lib/wii\libfat.a(libfat.o)
                0x80013db0                fatInitDefault
 .text.u8array_to_u16
                0x80013dbc       0x18 y:/devkitPro/libogc/lib/wii\libfat.a(partition.o)
 .text.u8array_to_u32
                0x80013dd4       0x30 y:/devkitPro/libogc/lib/wii\libfat.a(partition.o)
 .text.u32_to_u8array
                0x80013e04       0x20 y:/devkitPro/libogc/lib/wii\libfat.a(partition.o)
 .text.FindFirstValidPartition_buf
                0x80013e24      0x1e8 y:/devkitPro/libogc/lib/wii\libfat.a(partition.o)
                0x80013e24                FindFirstValidPartition_buf
 .text._FAT_partition_getPartitionFromPath
                0x8001400c       0x34 y:/devkitPro/libogc/lib/wii\libfat.a(partition.o)
                0x8001400c                _FAT_partition_getPartitionFromPath
 .text._FAT_partition_createFSinfo
                0x80014040       0xf4 y:/devkitPro/libogc/lib/wii\libfat.a(partition.o)
                0x80014040                _FAT_partition_createFSinfo
 .text._FAT_partition_readFSinfo
                0x80014134       0xf0 y:/devkitPro/libogc/lib/wii\libfat.a(partition.o)
                0x80014134                _FAT_partition_readFSinfo
 .text._FAT_partition_constructor_buf
                0x80014224      0x360 y:/devkitPro/libogc/lib/wii\libfat.a(partition.o)
                0x80014224                _FAT_partition_constructor_buf
 .text._FAT_partition_constructor
                0x80014584       0x6c y:/devkitPro/libogc/lib/wii\libfat.a(partition.o)
                0x80014584                _FAT_partition_constructor
 .text._FAT_stat_r
                0x800145f0       0xc4 y:/devkitPro/libogc/lib/wii\libfat.a(fatdir.o)
                0x800145f0                _FAT_stat_r
 .text._FAT_link_r
                0x800146b4       0x10 y:/devkitPro/libogc/lib/wii\libfat.a(fatdir.o)
                0x800146b4                _FAT_link_r
 .text._FAT_unlink_r
                0x800146c4      0x1e0 y:/devkitPro/libogc/lib/wii\libfat.a(fatdir.o)
                0x800146c4                _FAT_unlink_r
 .text._FAT_chdir_r
                0x800148a4       0xa0 y:/devkitPro/libogc/lib/wii\libfat.a(fatdir.o)
                0x800148a4                _FAT_chdir_r
 .text._FAT_rename_r
                0x80014944      0x238 y:/devkitPro/libogc/lib/wii\libfat.a(fatdir.o)
                0x80014944                _FAT_rename_r
 .text._FAT_mkdir_r
                0x80014b7c      0x32c y:/devkitPro/libogc/lib/wii\libfat.a(fatdir.o)
                0x80014b7c                _FAT_mkdir_r
 .text._FAT_statvfs_r
                0x80014ea8       0xe0 y:/devkitPro/libogc/lib/wii\libfat.a(fatdir.o)
                0x80014ea8                _FAT_statvfs_r
 .text._FAT_diropen_r
                0x80014f88      0x108 y:/devkitPro/libogc/lib/wii\libfat.a(fatdir.o)
                0x80014f88                _FAT_diropen_r
 .text._FAT_dirreset_r
                0x80015090       0x74 y:/devkitPro/libogc/lib/wii\libfat.a(fatdir.o)
                0x80015090                _FAT_dirreset_r
 .text._FAT_dirnext_r
                0x80015104       0xc8 y:/devkitPro/libogc/lib/wii\libfat.a(fatdir.o)
                0x80015104                _FAT_dirnext_r
 .text._FAT_dirclose_r
                0x800151cc       0x40 y:/devkitPro/libogc/lib/wii\libfat.a(fatdir.o)
                0x800151cc                _FAT_dirclose_r
 .text._FAT_cache_getPage
                0x8001520c      0x158 y:/devkitPro/libogc/lib/wii\libfat.a(cache.o)
 .text._FAT_cache_constructor
                0x80015364       0xdc y:/devkitPro/libogc/lib/wii\libfat.a(cache.o)
                0x80015364                _FAT_cache_constructor
 .text._FAT_cache_readSectors
                0x80015440       0xa0 y:/devkitPro/libogc/lib/wii\libfat.a(cache.o)
                0x80015440                _FAT_cache_readSectors
 .text._FAT_cache_readPartialSector
                0x800154e0       0x80 y:/devkitPro/libogc/lib/wii\libfat.a(cache.o)
                0x800154e0                _FAT_cache_readPartialSector
 .text._FAT_cache_readLittleEndianValue
                0x80015560       0x94 y:/devkitPro/libogc/lib/wii\libfat.a(cache.o)
                0x80015560                _FAT_cache_readLittleEndianValue
 .text._FAT_cache_writePartialSector
                0x800155f4       0x88 y:/devkitPro/libogc/lib/wii\libfat.a(cache.o)
                0x800155f4                _FAT_cache_writePartialSector
 .text._FAT_cache_writeLittleEndianValue
                0x8001567c       0x80 y:/devkitPro/libogc/lib/wii\libfat.a(cache.o)
                0x8001567c                _FAT_cache_writeLittleEndianValue
 .text._FAT_cache_eraseWritePartialSector
                0x800156fc       0xa0 y:/devkitPro/libogc/lib/wii\libfat.a(cache.o)
                0x800156fc                _FAT_cache_eraseWritePartialSector
 .text._FAT_cache_writeSectors
                0x8001579c       0xa8 y:/devkitPro/libogc/lib/wii\libfat.a(cache.o)
                0x8001579c                _FAT_cache_writeSectors
 .text._FAT_cache_flush
                0x80015844       0x84 y:/devkitPro/libogc/lib/wii\libfat.a(cache.o)
                0x80015844                _FAT_cache_flush
 .text._FAT_fat_clusterToSector
                0x800158c8       0x28 y:/devkitPro/libogc/lib/wii\libfat.a(fatfile.o)
 .text._FAT_check_position_for_next_cluster.isra.6
                0x800158f0      0x100 y:/devkitPro/libogc/lib/wii\libfat.a(fatfile.o)
 .text._FAT_file_extend_r
                0x800159f0      0x2b8 y:/devkitPro/libogc/lib/wii\libfat.a(fatfile.o)
 .text._FAT_open_r
                0x80015ca8      0x3e8 y:/devkitPro/libogc/lib/wii\libfat.a(fatfile.o)
                0x80015ca8                _FAT_open_r
 .text._FAT_syncToDisc
                0x80016090      0x154 y:/devkitPro/libogc/lib/wii\libfat.a(fatfile.o)
                0x80016090                _FAT_syncToDisc
 .text._FAT_close_r
                0x800161e4       0xc4 y:/devkitPro/libogc/lib/wii\libfat.a(fatfile.o)
                0x800161e4                _FAT_close_r
 .text._FAT_read_r
                0x800162a8      0x3ec y:/devkitPro/libogc/lib/wii\libfat.a(fatfile.o)
                0x800162a8                _FAT_read_r
 .text._FAT_write_r
                0x80016694      0x568 y:/devkitPro/libogc/lib/wii\libfat.a(fatfile.o)
                0x80016694                _FAT_write_r
 .text._FAT_seek_r
                0x80016bfc      0x1e4 y:/devkitPro/libogc/lib/wii\libfat.a(fatfile.o)
                0x80016bfc                _FAT_seek_r
 .text._FAT_fstat_r
                0x80016de0       0xc8 y:/devkitPro/libogc/lib/wii\libfat.a(fatfile.o)
                0x80016de0                _FAT_fstat_r
 .text._FAT_ftruncate_r
                0x80016ea8      0x1ec y:/devkitPro/libogc/lib/wii\libfat.a(fatfile.o)
                0x80016ea8                _FAT_ftruncate_r
 .text._FAT_fsync_r
                0x80017094       0x70 y:/devkitPro/libogc/lib/wii\libfat.a(fatfile.o)
                0x80017094                _FAT_fsync_r
 .text.get_io_wiisd
                0x80017104        0xc y:/devkitPro/libogc/lib/wii\libfat.a(disc.o)
 .text.get_io_usbstorage
                0x80017110        0xc y:/devkitPro/libogc/lib/wii\libfat.a(disc.o)
 .text.get_io_gcsda
                0x8001711c        0xc y:/devkitPro/libogc/lib/wii\libfat.a(disc.o)
 .text.get_io_gcsdb
                0x80017128        0xc y:/devkitPro/libogc/lib/wii\libfat.a(disc.o)
 .text._FAT_fat_writeFatEntry
                0x80017134      0x1cc y:/devkitPro/libogc/lib/wii\libfat.a(file_allocation_table.o)
 .text._FAT_fat_nextCluster
                0x80017300      0x194 y:/devkitPro/libogc/lib/wii\libfat.a(file_allocation_table.o)
                0x80017300                _FAT_fat_nextCluster
 .text._FAT_fat_linkFreeCluster
                0x80017494       0xe4 y:/devkitPro/libogc/lib/wii\libfat.a(file_allocation_table.o)
                0x80017494                _FAT_fat_linkFreeCluster
 .text._FAT_fat_linkFreeClusterCleared
                0x80017578       0xac y:/devkitPro/libogc/lib/wii\libfat.a(file_allocation_table.o)
                0x80017578                _FAT_fat_linkFreeClusterCleared
 .text._FAT_fat_clearLinks
                0x80017624       0xbc y:/devkitPro/libogc/lib/wii\libfat.a(file_allocation_table.o)
                0x80017624                _FAT_fat_clearLinks
 .text._FAT_fat_trimChain
                0x800176e0       0xb0 y:/devkitPro/libogc/lib/wii\libfat.a(file_allocation_table.o)
                0x800176e0                _FAT_fat_trimChain
 .text._FAT_fat_lastCluster
                0x80017790       0x68 y:/devkitPro/libogc/lib/wii\libfat.a(file_allocation_table.o)
                0x80017790                _FAT_fat_lastCluster
 .text._FAT_fat_freeClusterCount
                0x800177f8       0x54 y:/devkitPro/libogc/lib/wii\libfat.a(file_allocation_table.o)
                0x800177f8                _FAT_fat_freeClusterCount
 .text._FAT_filetime_getTimeFromRTC
                0x8001784c       0x7c y:/devkitPro/libogc/lib/wii\libfat.a(filetime.o)
                0x8001784c                _FAT_filetime_getTimeFromRTC
 .text._FAT_filetime_getDateFromRTC
                0x800178c8       0x7c y:/devkitPro/libogc/lib/wii\libfat.a(filetime.o)
                0x800178c8                _FAT_filetime_getDateFromRTC
 .text._FAT_filetime_to_time_t
                0x80017944       0x64 y:/devkitPro/libogc/lib/wii\libfat.a(filetime.o)
                0x80017944                _FAT_filetime_to_time_t
 .text.u8array_to_u16
                0x800179a8       0x18 y:/devkitPro/libogc/lib/wii\libfat.a(directory.o)
 .text._FAT_directory_entryGetAlias
                0x800179c0      0x128 y:/devkitPro/libogc/lib/wii\libfat.a(directory.o)
 .text._FAT_directory_mbsncasecmp
                0x80017ae8       0xec y:/devkitPro/libogc/lib/wii\libfat.a(directory.o)
 .text._FAT_fat_clusterToSector
                0x80017bd4       0x28 y:/devkitPro/libogc/lib/wii\libfat.a(directory.o)
 .text._FAT_directory_incrementDirEntryPosition
                0x80017bfc      0x108 y:/devkitPro/libogc/lib/wii\libfat.a(directory.o)
 .text._FAT_directory_ucs2tombs.constprop.6
                0x80017d04       0xe8 y:/devkitPro/libogc/lib/wii\libfat.a(directory.o)
 .text._FAT_directory_entryGetCluster
                0x80017dec       0x54 y:/devkitPro/libogc/lib/wii\libfat.a(directory.o)
                0x80017dec                _FAT_directory_entryGetCluster
 .text._FAT_directory_getNextEntry
                0x80017e40      0x264 y:/devkitPro/libogc/lib/wii\libfat.a(directory.o)
                0x80017e40                _FAT_directory_getNextEntry
 .text._FAT_directory_getFirstEntry
                0x800180a4       0x28 y:/devkitPro/libogc/lib/wii\libfat.a(directory.o)
                0x800180a4                _FAT_directory_getFirstEntry
 .text._FAT_directory_entryExists
                0x800180cc       0xc8 y:/devkitPro/libogc/lib/wii\libfat.a(directory.o)
 .text._FAT_directory_getRootEntry
                0x80018194       0xa8 y:/devkitPro/libogc/lib/wii\libfat.a(directory.o)
                0x80018194                _FAT_directory_getRootEntry
 .text._FAT_directory_entryFromPosition
                0x8001823c      0x1a8 y:/devkitPro/libogc/lib/wii\libfat.a(directory.o)
                0x8001823c                _FAT_directory_entryFromPosition
 .text._FAT_directory_entryFromPath
                0x800183e4      0x2c8 y:/devkitPro/libogc/lib/wii\libfat.a(directory.o)
                0x800183e4                _FAT_directory_entryFromPath
 .text._FAT_directory_removeEntry
                0x800186ac       0xf0 y:/devkitPro/libogc/lib/wii\libfat.a(directory.o)
                0x800186ac                _FAT_directory_removeEntry
 .text._FAT_directory_addEntry
                0x8001879c      0x958 y:/devkitPro/libogc/lib/wii\libfat.a(directory.o)
                0x8001879c                _FAT_directory_addEntry
 .text._FAT_directory_chdir
                0x800190f4       0x5c y:/devkitPro/libogc/lib/wii\libfat.a(directory.o)
                0x800190f4                _FAT_directory_chdir
 .text._FAT_directory_entryStat
                0x80019150      0x174 y:/devkitPro/libogc/lib/wii\libfat.a(directory.o)
                0x80019150                _FAT_directory_entryStat
 .text.__console_clear_line
                0x800192c4       0x7c y:/devkitPro/libogc/lib/wii\libogc.a(console.o)
 .text.__console_clear
                0x80019340       0x58 y:/devkitPro/libogc/lib/wii\libogc.a(console.o)
 .text.__console_write
                0x80019398      0x688 y:/devkitPro/libogc/lib/wii\libogc.a(console.o)
                0x80019398                __console_write
 .text.__console_init
                0x80019a20      0x100 y:/devkitPro/libogc/lib/wii\libogc.a(console.o)
                0x80019a20                __console_init
 .text.CON_Init
                0x80019b20        0x4 y:/devkitPro/libogc/lib/wii\libogc.a(console.o)
                0x80019b20                CON_Init
 .text.CON_EnableGecko
                0x80019b24       0xa0 y:/devkitPro/libogc/lib/wii\libogc.a(console.o)
                0x80019b24                CON_EnableGecko
 .text.__lwp_queue_initialize
                0x80019bc4       0x3c y:/devkitPro/libogc/lib/wii\libogc.a(lwp_queue.o)
                0x80019bc4                __lwp_queue_initialize
 .text.__lwp_queue_get
                0x80019c00       0x64 y:/devkitPro/libogc/lib/wii\libogc.a(lwp_queue.o)
                0x80019c00                __lwp_queue_get
 .text.__lwp_queue_append
                0x80019c64       0x50 y:/devkitPro/libogc/lib/wii\libogc.a(lwp_queue.o)
                0x80019c64                __lwp_queue_append
 .text.__lwp_priomap_addto
                0x80019cb4       0x28 y:/devkitPro/libogc/lib/wii\libogc.a(lwp_threads.o)
 .text.__lwp_priomap_removefrom
                0x80019cdc       0x38 y:/devkitPro/libogc/lib/wii\libogc.a(lwp_threads.o)
 .text.__lwp_thread_calcheir
                0x80019d14       0x3c y:/devkitPro/libogc/lib/wii\libogc.a(lwp_threads.o)
 .text.__lwp_thread_dispatchdisable
                0x80019d50       0x10 y:/devkitPro/libogc/lib/wii\libogc.a(lwp_threads.o)
 .text.__lwp_thread_dispatchunnest
                0x80019d60       0x10 y:/devkitPro/libogc/lib/wii\libogc.a(lwp_threads.o)
 .text.__lwp_wd_insert_ticks.clone.2
                0x80019d70       0x60 y:/devkitPro/libogc/lib/wii\libogc.a(lwp_threads.o)
 .text.__lwp_isr_in_progress
                0x80019dd0        0x8 y:/devkitPro/libogc/lib/wii\libogc.a(lwp_threads.o)
                0x80019dd0                __lwp_isr_in_progress
 .text.__thread_dispatch_fp
                0x80019dd8       0x7c y:/devkitPro/libogc/lib/wii\libogc.a(lwp_threads.o)
                0x80019dd8                __thread_dispatch_fp
 .text.__thread_dispatch
                0x80019e54       0xe0 y:/devkitPro/libogc/lib/wii\libogc.a(lwp_threads.o)
                0x80019e54                __thread_dispatch
 .text.__lwp_thread_dispatchenable
                0x80019f34       0x1c y:/devkitPro/libogc/lib/wii\libogc.a(lwp_threads.o)
 .text.__lwp_thread_resettimeslice